Component: ARM Compiler 5.06 update 5 (build 528) Tool: armlink [4d35e2]

==============================================================================

Section Cross References

    startup_stm32f10x_md.o(STACK) refers (Special) to heapauxi.o(.text) for __use_two_region_memory
    startup_stm32f10x_md.o(HEAP) refers (Special) to heapauxi.o(.text) for __use_two_region_memory
    startup_stm32f10x_md.o(RESET) refers (Special) to heapauxi.o(.text) for __use_two_region_memory
    startup_stm32f10x_md.o(RESET) refers to startup_stm32f10x_md.o(STACK) for __initial_sp
    startup_stm32f10x_md.o(RESET) refers to startup_stm32f10x_md.o(.text) for Reset_Handler
    startup_stm32f10x_md.o(RESET) refers to stm32f10x_it.o(i.NMI_Handler) for NMI_Handler
    startup_stm32f10x_md.o(RESET) refers to stm32f10x_it.o(i.HardFault_Handler) for HardFault_Handler
    startup_stm32f10x_md.o(RESET) refers to stm32f10x_it.o(i.MemManage_Handler) for MemManage_Handler
    startup_stm32f10x_md.o(RESET) refers to stm32f10x_it.o(i.BusFault_Handler) for BusFault_Handler
    startup_stm32f10x_md.o(RESET) refers to stm32f10x_it.o(i.UsageFault_Handler) for UsageFault_Handler
    startup_stm32f10x_md.o(RESET) refers to stm32f10x_it.o(i.SVC_Handler) for SVC_Handler
    startup_stm32f10x_md.o(RESET) refers to stm32f10x_it.o(i.DebugMon_Handler) for DebugMon_Handler
    startup_stm32f10x_md.o(RESET) refers to stm32f10x_it.o(i.PendSV_Handler) for PendSV_Handler
    startup_stm32f10x_md.o(RESET) refers to stm32f10x_it.o(i.SysTick_Handler) for SysTick_Handler
    startup_stm32f10x_md.o(RESET) refers to timer.o(i.TIM3_IRQHandler) for TIM3_IRQHandler
    startup_stm32f10x_md.o(RESET) refers to usart.o(i.USART1_IRQHandler) for USART1_IRQHandler
    startup_stm32f10x_md.o(RESET) refers to usart2.o(i.USART2_IRQHandler) for USART2_IRQHandler
    startup_stm32f10x_md.o(.text) refers (Special) to heapauxi.o(.text) for __use_two_region_memory
    startup_stm32f10x_md.o(.text) refers to system_stm32f10x.o(i.SystemInit) for SystemInit
    startup_stm32f10x_md.o(.text) refers to __main.o(!!!main) for __main
    startup_stm32f10x_md.o(.text) refers to startup_stm32f10x_md.o(HEAP) for Heap_Mem
    startup_stm32f10x_md.o(.text) refers to startup_stm32f10x_md.o(STACK) for Stack_Mem
    system_stm32f10x.o(i.SetSysClock) refers to system_stm32f10x.o(i.SetSysClockTo72) for SetSysClockTo72
    system_stm32f10x.o(i.SystemCoreClockUpdate) refers to system_stm32f10x.o(.data) for SystemCoreClock
    system_stm32f10x.o(i.SystemInit) refers to system_stm32f10x.o(i.SetSysClock) for SetSysClock
    stm32f10x_adc.o(i.ADC_DeInit) refers to stm32f10x_rcc.o(i.RCC_APB2PeriphResetCmd) for RCC_APB2PeriphResetCmd
    stm32f10x_bkp.o(i.BKP_DeInit) refers to stm32f10x_rcc.o(i.RCC_BackupResetCmd) for RCC_BackupResetCmd
    stm32f10x_can.o(i.CAN_DeInit) refers to stm32f10x_rcc.o(i.RCC_APB1PeriphResetCmd) for RCC_APB1PeriphResetCmd
    stm32f10x_can.o(i.CAN_GetITStatus) refers to stm32f10x_can.o(i.CheckITStatus) for CheckITStatus
    stm32f10x_cec.o(i.CEC_DeInit) refers to stm32f10x_rcc.o(i.RCC_APB1PeriphResetCmd) for RCC_APB1PeriphResetCmd
    stm32f10x_dac.o(i.DAC_DeInit) refers to stm32f10x_rcc.o(i.RCC_APB1PeriphResetCmd) for RCC_APB1PeriphResetCmd
    stm32f10x_flash.o(i.FLASH_EnableWriteProtection) refers to stm32f10x_flash.o(i.FLASH_WaitForLastOperation) for FLASH_WaitForLastOperation
    stm32f10x_flash.o(i.FLASH_EraseAllBank1Pages) refers to stm32f10x_flash.o(i.FLASH_WaitForLastBank1Operation) for FLASH_WaitForLastBank1Operation
    stm32f10x_flash.o(i.FLASH_EraseAllPages) refers to stm32f10x_flash.o(i.FLASH_WaitForLastOperation) for FLASH_WaitForLastOperation
    stm32f10x_flash.o(i.FLASH_EraseOptionBytes) refers to stm32f10x_flash.o(i.FLASH_GetReadOutProtectionStatus) for FLASH_GetReadOutProtectionStatus
    stm32f10x_flash.o(i.FLASH_EraseOptionBytes) refers to stm32f10x_flash.o(i.FLASH_WaitForLastOperation) for FLASH_WaitForLastOperation
    stm32f10x_flash.o(i.FLASH_ErasePage) refers to stm32f10x_flash.o(i.FLASH_WaitForLastOperation) for FLASH_WaitForLastOperation
    stm32f10x_flash.o(i.FLASH_ProgramHalfWord) refers to stm32f10x_flash.o(i.FLASH_WaitForLastOperation) for FLASH_WaitForLastOperation
    stm32f10x_flash.o(i.FLASH_ProgramOptionByteData) refers to stm32f10x_flash.o(i.FLASH_WaitForLastOperation) for FLASH_WaitForLastOperation
    stm32f10x_flash.o(i.FLASH_ProgramWord) refers to stm32f10x_flash.o(i.FLASH_WaitForLastOperation) for FLASH_WaitForLastOperation
    stm32f10x_flash.o(i.FLASH_ReadOutProtection) refers to stm32f10x_flash.o(i.FLASH_WaitForLastOperation) for FLASH_WaitForLastOperation
    stm32f10x_flash.o(i.FLASH_UserOptionByteConfig) refers to stm32f10x_flash.o(i.FLASH_WaitForLastOperation) for FLASH_WaitForLastOperation
    stm32f10x_flash.o(i.FLASH_WaitForLastBank1Operation) refers to stm32f10x_flash.o(i.FLASH_GetBank1Status) for FLASH_GetBank1Status
[...]
    ../clib/printf.c                         0x00000000   Number         0  _printf_fp_infnan.o ABSOLUTE
    ../clib/printf.c                         0x00000000   Number         0  _printf_fp_hex.o ABSOLUTE
    ../clib/printf.c                         0x00000000   Number         0  _printf_fp_dec.o ABSOLUTE
    ../clib/printf.c                         0x00000000   Number         0  __printf_flags.o ABSOLUTE
    ../clib/printf.c                         0x00000000   Number         0  _printf_oct_int_ll.o ABSOLUTE
    ../clib/printf.c                         0x00000000   Number         0  _printf_oct_int.o ABSOLUTE
    ../clib/printf.c                         0x00000000   Number         0  _printf_oct_ll.o ABSOLUTE
    ../clib/printf.c                         0x00000000   Number         0  _printf_longlong_dec.o ABSOLUTE
    ../clib/printf.c                         0x00000000   Number         0  _printf_wctomb.o ABSOLUTE
    ../clib/printf.c                         0x00000000   Number         0  _printf_char_file.o ABSOLUTE
    ../clib/printf.c                         0x00000000   Number         0  _printf_char.o ABSOLUTE
    ../clib/printf.c                         0x00000000   Number         0  _printf_char_common.o ABSOLUTE
    ../clib/printf.c                         0x00000000   Number         0  _printf_charcount.o ABSOLUTE
    ../clib/printf.c                         0x00000000   Number         0  _printf_intcommon.o ABSOLUTE
    ../clib/printf.c                         0x00000000   Number         0  _printf_truncate.o ABSOLUTE
    ../clib/printf.c                         0x00000000   Number         0  _printf_pad.o ABSOLUTE
    ../clib/printf.c                         0x00000000   Number         0  __printf_ss_wp.o ABSOLUTE
    ../clib/printf.c                         0x00000000   Number         0  _sputc.o ABSOLUTE
    ../clib/printf.c                         0x00000000   Number         0  __printf_flags_ss_wp.o ABSOLUTE
    ../clib/printf.c                         0x00000000   Number         0  __printf_flags_wp.o ABSOLUTE
    ../clib/printf.c                         0x00000000   Number         0  __printf_wp.o ABSOLUTE
    ../clib/printf.c                         0x00000000   Number         0  __printf_flags_ss.o ABSOLUTE
    ../clib/printf.c                         0x00000000   Number         0  vsprintf.o ABSOLUTE
    ../clib/printf.c                         0x00000000   Number         0  __2printf.o ABSOLUTE
    ../clib/printf.c                         0x00000000   Number         0  __2sprintf.o ABSOLUTE
    ../clib/printf.c                         0x00000000   Number         0  noretval__2printf.o ABSOLUTE
    ../clib/printf.c                         0x00000000   Number         0  noretval__2sprintf.o ABSOLUTE
    ../clib/printf.c                         0x00000000   Number         0  __printf.o ABSOLUTE
    ../clib/printf.c                         0x00000000   Number         0  _printf_str.o ABSOLUTE
    ../clib/printf.c                         0x00000000   Number         0  _printf_dec.o ABSOLUTE
    ../clib/printf.c                         0x00000000   Number         0  _printf_hex_ll.o ABSOLUTE
    ../clib/printf.c                         0x00000000   Number         0  _printf_hex_int.o ABSOLUTE
    ../clib/printf.c                         0x00000000   Number         0  _printf_hex_int_ll.o ABSOLUTE
    ../clib/printf.c                         0x00000000   Number         0  _printf_wchar.o ABSOLUTE
    ../clib/printf.c                         0x00000000   Number         0  __printf_nopercent.o ABSOLUTE
    ../clib/printf.c                         0x00000000   Number         0  _printf_hex_ptr.o ABSOLUTE
    ../clib/printf.c                         0x00000000   Number         0  _printf_hex_int_ptr.o ABSOLUTE
    ../clib/printf.c                         0x00000000   Number         0  _printf_hex_ll_ptr.o ABSOLUTE
    ../clib/printf.c                         0x00000000   Number         0  _printf_hex_int_ll_ptr.o ABSOLUTE
    ../clib/printf.c                         0x00000000   Number         0  __printf_ss.o ABSOLUTE
    ../clib/printf_percent.s                 0x00000000   Number         0  _printf_lc.o ABSOLUTE
    ../clib/printf_percent.s                 0x00000000   Number         0  _printf_x.o ABSOLUTE
    ../clib/printf_percent.s                 0x00000000   Number         0  _printf_s.o ABSOLUTE
    ../clib/printf_percent.s                 0x00000000   Number         0  _printf_lld.o ABSOLUTE
    ../clib/printf_percent.s                 0x00000000   Number         0  _printf_llx.o ABSOLUTE
    ../clib/printf_percent.s                 0x00000000   Number         0  _printf_llo.o ABSOLUTE
    ../clib/printf_percent.s                 0x00000000   Number         0  _printf_ls.o ABSOLUTE
    ../clib/printf_percent.s                 0x00000000   Number         0  _printf_a.o ABSOLUTE
    ../clib/printf_percent.s                 0x00000000   Number         0  _printf_l.o ABSOLUTE
    ../clib/printf_percent.s                 0x00000000   Number         0  _printf_ll.o ABSOLUTE
    ../clib/printf_percent.s                 0x00000000   Number         0  _printf_percent.o ABSOLUTE
    ../clib/printf_percent.s                 0x00000000   Number         0  _printf_e.o ABSOLUTE
    ../clib/printf_percent.s                 0x00000000   Number         0  _printf_f.o ABSOLUTE
    ../clib/printf_percent.s                 0x00000000   Number         0  _printf_u.o ABSOLUTE
    ../clib/printf_percent.s                 0x00000000   Number         0  _printf_o.o ABSOLUTE
    ../clib/printf_percent.s                 0x00000000   Number         0  _printf_i.o ABSOLUTE
    ../clib/printf_percent.s                 0x00000000   Number         0  _printf_c.o ABSOLUTE
    ../clib/printf_percent.s                 0x00000000   Number         0  _printf_p.o ABSOLUTE
    ../clib/printf_percent.s                 0x00000000   Number         0  _printf_n.o ABSOLUTE
    ../clib/printf_percent.s                 0x00000000   Number         0  _printf_g.o ABSOLUTE
    ../clib/printf_percent.s                 0x00000000   Number         0  _printf_llu.o ABSOLUTE
    ../clib/printf_percent.s                 0x00000000   Number         0  _printf_percent_end.o ABSOLUTE
    ../clib/printf_percent.s                 0x00000000   Number         0  _printf_d.o ABSOLUTE
    ../clib/printf_percent.s                 0x00000000   Number         0  _printf_lli.o ABSOLUTE
    ../clib/signal.c                         0x00000000   Number         0  defsig_fpe_inner.o ABSOLUTE
    ../clib/signal.c                         0x00000000   Number         0  defsig_general.o ABSOLUTE
    ../clib/signal.c                         0x00000000   Number         0  defsig_rtmem_inner.o ABSOLUTE
    ../clib/signal.c                         0x00000000   Number         0  defsig_exit.o ABSOLUTE
    ../clib/signal.c                         0x00000000   Number         0  defsig_segv_inner.o ABSOLUTE
    ../clib/signal.c                         0x00000000   Number         0  defsig_rtmem_formal.o ABSOLUTE
    ../clib/signal.c                         0x00000000   Number         0  defsig_rtmem_outer.o ABSOLUTE
    ../clib/signal.c                         0x00000000   Number         0  __raise.o ABSOLUTE
    ../clib/signal.c                         0x00000000   Number         0  defsig_other.o ABSOLUTE
    ../clib/signal.c                         0x00000000   Number         0  defsig_cppl_inner.o ABSOLUTE
    ../clib/signal.c                         0x00000000   Number         0  defsig_abrt_inner.o ABSOLUTE
    ../clib/signal.c                         0x00000000   Number         0  defsig_pvfn_inner.o ABSOLUTE
    ../clib/signal.c                         0x00000000   Number         0  defsig_stak_inner.o ABSOLUTE
    ../clib/signal.c                         0x00000000   Number         0  defsig_rtred_inner.o ABSOLUTE
    ../clib/signal.s                         0x00000000   Number         0  defsig.o ABSOLUTE
    ../clib/stdio.c                          0x00000000   Number         0  ferror_locked.o ABSOLUTE
    ../clib/stdio.c                          0x00000000   Number         0  ferror.o ABSOLUTE
    ../clib/stdlib.c                         0x00000000   Number         0  exit.o ABSOLUTE
    ../clib/string.c                         0x00000000   Number         0  memcmp.o ABSOLUTE
    ../clib/string.c                         0x00000000   Number         0  strstr.o ABSOLUTE
    ../clib/string.c                         0x00000000   Number         0  strncmp.o ABSOLUTE
    ../clib/string.c                         0x00000000   Number         0  strlen.o ABSOLUTE
    ../fplib/fpinit.s                        0x00000000   Number         0  fpinit.o ABSOLUTE
    ../fplib/istatus.s                       0x00000000   Number         0  istatus.o ABSOLUTE
    ../fplib/printf1.s                       0x00000000   Number         0  printf1.o ABSOLUTE
    ../fplib/printf2.s                       0x00000000   Number         0  printf2.o ABSOLUTE
    ../fplib/printf2a.s                      0x00000000   Number         0  printf2a.o ABSOLUTE
    ../fplib/printf2b.s                      0x00000000   Number         0  printf2b.o ABSOLUTE
    ../fplib/usenofp.s                       0x00000000   Number         0  usenofp.o ABSOLUTE
    ../mathlib/fpclassify.c                  0x00000000   Number         0  fpclassify.o ABSOLUTE
    Hardware\24cxx.c                         0x00000000   Number         0  24cxx.o ABSOLUTE
    Hardware\OLED.c                          0x00000000   Number         0  oled.o ABSOLUTE
    Hardware\\sys.c                          0x00000000   Number         0  sys.o ABSOLUTE
    Hardware\as608.c                         0x00000000   Number         0  as608.o ABSOLUTE
    Hardware\button4_4.c                     0x00000000   Number         0  button4_4.o ABSOLUTE
    Hardware\lock.c                          0x00000000   Number         0  lock.o ABSOLUTE
    Hardware\myiic.c                         0x00000000   Number         0  myiic.o ABSOLUTE
    Hardware\stmflash.c                      0x00000000   Number         0  stmflash.o ABSOLUTE
    Hardware\sys.c                           0x00000000   Number         0  sys.o ABSOLUTE
    Hardware\timer.c                         0x00000000   Number         0  timer.o ABSOLUTE
    Hardware\usart.c                         0x00000000   Number         0  usart.o ABSOLUTE
    Hardware\usart2.c                        0x00000000   Number         0  usart2.o ABSOLUTE
    Library\misc.c                           0x00000000   Number         0  misc.o ABSOLUTE
    Library\stm32f10x_adc.c                  0x00000000   Number         0  stm32f10x_adc.o ABSOLUTE
    Library\stm32f10x_bkp.c                  0x00000000   Number         0  stm32f10x_bkp.o ABSOLUTE
    Library\stm32f10x_can.c                  0x00000000   Number         0  stm32f10x_can.o ABSOLUTE
    Library\stm32f10x_cec.c                  0x00000000   Number         0  stm32f10x_cec.o ABSOLUTE
    Library\stm32f10x_crc.c                  0x00000000   Number         0  stm32f10x_crc.o ABSOLUTE
    Library\stm32f10x_dac.c                  0x00000000   Number         0  stm32f10x_dac.o ABSOLUTE
    Library\stm32f10x_dbgmcu.c               0x00000000   Number         0  stm32f10x_dbgmcu.o ABSOLUTE
    Library\stm32f10x_dma.c                  0x00000000   Number         0  stm32f10x_dma.o ABSOLUTE
    Library\stm32f10x_exti.c                 0x00000000   Number         0  stm32f10x_exti.o ABSOLUTE
    Library\stm32f10x_flash.c                0x00000000   Number         0  stm32f10x_flash.o ABSOLUTE
    Library\stm32f10x_fsmc.c                 0x00000000   Number         0  stm32f10x_fsmc.o ABSOLUTE
    Library\stm32f10x_gpio.c                 0x00000000   Number         0  stm32f10x_gpio.o ABSOLUTE
    Library\stm32f10x_i2c.c                  0x00000000   Number         0  stm32f10x_i2c.o ABSOLUTE
    Library\stm32f10x_iwdg.c                 0x00000000   Number         0  stm32f10x_iwdg.o ABSOLUTE
    Library\stm32f10x_pwr.c                  0x00000000   Number         0  stm32f10x_pwr.o ABSOLUTE
    Library\stm32f10x_rcc.c                  0x00000000   Number         0  stm32f10x_rcc.o ABSOLUTE
    Library\stm32f10x_rtc.c                  0x00000000   Number         0  stm32f10x_rtc.o ABSOLUTE
    Library\stm32f10x_sdio.c                 0x00000000   Number         0  stm32f10x_sdio.o ABSOLUTE
    Library\stm32f10x_spi.c                  0x00000000   Number         0  stm32f10x_spi.o ABSOLUTE
    Library\stm32f10x_tim.c                  0x00000000   Number         0  stm32f10x_tim.o ABSOLUTE
    Library\stm32f10x_usart.c                0x00000000   Number         0  stm32f10x_usart.o ABSOLUTE
    Library\stm32f10x_wwdg.c                 0x00000000   Number         0  stm32f10x_wwdg.o ABSOLUTE
    Start\\core_cm3.c                        0x00000000   Number         0  core_cm3.o ABSOLUTE
    Start\core_cm3.c                         0x00000000   Number         0  core_cm3.o ABSOLUTE
    Start\startup_stm32f10x_md.s             0x00000000   Number         0  startup_stm32f10x_md.o ABSOLUTE
    Start\system_stm32f10x.c                 0x00000000   Number         0  system_stm32f10x.o ABSOLUTE
    System\Delay.c                           0x00000000   Number         0  delay.o ABSOLUTE
    User\main.c                              0x00000000   Number         0  main.o ABSOLUTE
    User\stm32f10x_it.c                      0x00000000   Number         0  stm32f10x_it.o ABSOLUTE
    dc.s                                     0x00000000   Number         0  dc.o ABSOLUTE
    RESET                                    0x08000000   Section      236  startup_stm32f10x_md.o(RESET)
    !!!main                                  0x080000ec   Section        8  __main.o(!!!main)
    !!!scatter                               0x080000f4   Section       52  __scatter.o(!!!scatter)
    !!dclz77c                                0x08000128   Section      100  __dclz77c.o(!!dclz77c)
    !!handler_zi                             0x0800018c   Section       28  __scatter_zi.o(!!handler_zi)
    .ARM.Collect$$_printf_percent$$00000000  0x080001a8   Section        0  _printf_percent.o(.ARM.Collect$$_printf_percent$$00000000)
    .ARM.Collect$$_printf_percent$$00000009  0x080001a8   Section        6  _printf_d.o(.ARM.Collect$$_printf_percent$$00000009)
    .ARM.Collect$$_printf_percent$$0000000C  0x080001ae   Section        6  _printf_x.o(.ARM.Collect$$_printf_percent$$0000000C)
    .ARM.Collect$$_printf_percent$$00000013  0x080001b4   Section        6  _printf_c.o(.ARM.Collect$$_printf_percent$$00000013)
    .ARM.Collect$$_printf_percent$$00000014  0x080001ba   Section        6  _printf_s.o(.ARM.Collect$$_printf_percent$$00000014)
    .ARM.Collect$$_printf_percent$$00000017  0x080001c0   Section        4  _printf_percent_end.o(.ARM.Collect$$_printf_percent$$00000017)
    .ARM.Collect$$libinit$$00000000          0x080001c4   Section        2  libinit.o(.ARM.Collect$$libinit$$00000000)
    .ARM.Collect$$libinit$$00000002          0x080001c6   Section        0  libinit2.o(.ARM.Collect$$libinit$$00000002)
    .ARM.Collect$$libinit$$00000004          0x080001c6   Section        0  libinit2.o(.ARM.Collect$$libinit$$00000004)
    .ARM.Collect$$libinit$$0000000A          0x080001c6   Section        0  libinit2.o(.ARM.Collect$$libinit$$0000000A)
    .ARM.Collect$$libinit$$0000000C          0x080001c6   Section        0  libinit2.o(.ARM.Collect$$libinit$$0000000C)
    .ARM.Collect$$libinit$$0000000E          0x080001c6   Section        0  libinit2.o(.ARM.Collect$$libinit$$0000000E)
    .ARM.Collect$$libinit$$00000011          0x080001c6   Section        0  libinit2.o(.ARM.Collect$$libinit$$00000011)
    .ARM.Collect$$libinit$$00000013          0x080001c6   Section        0  libinit2.o(.ARM.Collect$$libinit$$00000013)
    .ARM.Collect$$libinit$$00000015          0x080001c6   Section        0  libinit2.o(.ARM.Collect$$libinit$$00000015)
    .ARM.Collect$$libinit$$00000017          0x080001c6   Section        0  libinit2.o(.ARM.Collect$$libinit$$00000017)
    .ARM.Collect$$libinit$$00000019          0x080001c6   Section        0  libinit2.o(.ARM.Collect$$libinit$$00000019)
    .ARM.Collect$$libinit$$0000001B          0x080001c6   Section        0  libinit2.o(.ARM.Collect$$libinit$$0000001B)
    .ARM.Collect$$libinit$$0000001D          0x080001c6   Section        0  libinit2.o(.ARM.Collect$$libinit$$0000001D)
    .ARM.Collect$$libinit$$0000001F          0x080001c6   Section        0  libinit2.o(.ARM.Collect$$libinit$$0000001F)
    .ARM.Collect$$libinit$$00000021          0x080001c6   Section        0  libinit2.o(.ARM.Collect$$libinit$$00000021)
    .ARM.Collect$$libinit$$00000023          0x080001c6   Section        0  libinit2.o(.ARM.Collect$$libinit$$00000023)
    .ARM.Collect$$libinit$$00000025          0x080001c6   Section        0  libinit2.o(.ARM.Collect$$libinit$$00000025)
    .ARM.Collect$$libinit$$0000002C          0x080001c6   Section        0  libinit2.o(.ARM.Collect$$libinit$$0000002C)
    .ARM.Collect$$libinit$$0000002E          0x080001c6   Section        0  libinit2.o(.ARM.Collect$$libinit$$0000002E)
    .ARM.Collect$$libinit$$00000030          0x080001c6   Section        0  libinit2.o(.ARM.Collect$$libinit$$00000030)
    .ARM.Collect$$libinit$$00000032          0x080001c6   Section        0  libinit2.o(.ARM.Collect$$libinit$$00000032)
    .ARM.Collect$$libinit$$00000033          0x080001c6   Section        2  libinit2.o(.ARM.Collect$$libinit$$00000033)
    .ARM.Collect$$libshutdown$$00000000      0x080001c8   Section        2  libshutdown.o(.ARM.Collect$$libshutdown$$00000000)
    .ARM.Collect$$libshutdown$$00000002      0x080001ca   Section        0  libshutdown2.o(.ARM.Collect$$libshutdown$$00000002)
    .ARM.Collect$$libshutdown$$00000004      0x080001ca   Section        0  libshutdown2.o(.ARM.Collect$$libshutdown$$00000004)
    .ARM.Collect$$libshutdown$$00000007      0x080001ca   Section        0  libshutdown2.o(.ARM.Collect$$libshutdown$$00000007)
    .ARM.Collect$$libshutdown$$0000000A      0x080001ca   Section        0  libshutdown2.o(.ARM.Collect$$libshutdown$$0000000A)
    .ARM.Collect$$libshutdown$$0000000C      0x080001ca   Section        0  libshutdown2.o(.ARM.Collect$$libshutdown$$0000000C)
    .ARM.Collect$$libshutdown$$0000000F      0x080001ca   Section        0  libshutdown2.o(.ARM.Collect$$libshutdown$$0000000F)
    .ARM.Collect$$libshutdown$$00000010      0x080001ca   Section        2  libshutdown2.o(.ARM.Collect$$libshutdown$$00000010)
    .ARM.Collect$$rtentry$$00000000          0x080001cc   Section        0  __rtentry.o(.ARM.Collect$$rtentry$$00000000)
    .ARM.Collect$$rtentry$$00000002          0x080001cc   Section        0  __rtentry2.o(.ARM.Collect$$rtentry$$00000002)
    .ARM.Collect$$rtentry$$00000004          0x080001cc   Section        6  __rtentry4.o(.ARM.Collect$$rtentry$$00000004)
    .ARM.Collect$$rtentry$$00000009          0x080001d2   Section        0  __rtentry2.o(.ARM.Collect$$rtentry$$00000009)
    .ARM.Collect$$rtentry$$0000000A          0x080001d2   Section        4  __rtentry2.o(.ARM.Collect$$rtentry$$0000000A)
    .ARM.Collect$$rtentry$$0000000C          0x080001d6   Section        0  __rtentry2.o(.ARM.Collect$$rtentry$$0000000C)
    .ARM.Collect$$rtentry$$0000000D          0x080001d6   Section        8  __rtentry2.o(.ARM.Collect$$rtentry$$0000000D)
    .ARM.Collect$$rtexit$$00000000           0x080001de   Section        2  rtexit.o(.ARM.Collect$$rtexit$$00000000)
    .ARM.Collect$$rtexit$$00000002           0x080001e0   Section        0  rtexit2.o(.ARM.Collect$$rtexit$$00000002)
    .ARM.Collect$$rtexit$$00000003           0x080001e0   Section        4  rtexit2.o(.ARM.Collect$$rtexit$$00000003)
    .ARM.Collect$$rtexit$$00000004           0x080001e4   Section        6  rtexit2.o(.ARM.Collect$$rtexit$$00000004)
    .text                                    0x080001ec   Section       64  startup_stm32f10x_md.o(.text)
    .text                                    0x0800022c   Section        2  use_no_semi_2.o(.text)
    .text                                    0x08000230   Section        0  __2printf.o(.text)
    .text                                    0x08000248   Section        0  __2sprintf.o(.text)
    .text                                    0x08000274   Section        0  _printf_str.o(.text)
    .text                                    0x080002c8   Section        0  _printf_dec.o(.text)
    .text                                    0x08000340   Section        0  _printf_hex_int_ll_ptr.o(.text)
    _printf_hex_common                       0x08000341   Thumb Code     0  _printf_hex_int_ll_ptr.o(.text)
    .text                                    0x080003d4   Section        0  __printf_flags_ss_wp.o(.text)
    .text                                    0x0800055c   Section        0  strstr.o(.text)
    .text                                    0x08000580   Section        0  strlen.o(.text)
    .text                                    0x080005be   Section        0  strncmp.o(.text)
    .text                                    0x08000654   Section       16  aeabi_memset.o(.text)
    .text                                    0x08000664   Section       68  rt_memclr.o(.text)
    .text                                    0x080006a8   Section        0  heapauxi.o(.text)
    .text                                    0x080006ae   Section        2  use_no_semi.o(.text)
    .text                                    0x080006b0   Section        0  _printf_intcommon.o(.text)
    .text                                    0x08000764   Section        0  _printf_char_common.o(.text)
    _printf_input_char                       0x08000765   Thumb Code    10  _printf_char_common.o(.text)
    .text                                    0x08000794   Section        0  _sputc.o(.text)
    .text                                    0x0800079e   Section        0  _printf_char.o(.text)
    .text                                    0x080007cc   Section        0  _printf_char_file.o(.text)
    .text                                    0x080007f0   Section       78  rt_memclr_w.o(.text)
    .text                                    0x0800083e   Section        0  ferror.o(.text)
    .text                                    0x08000846   Section       74  sys_stackheap_outer.o(.text)
    .text                                    0x08000890   Section        0  exit.o(.text)
    .text                                    0x080008a4   Section        8  libspace.o(.text)
    i.Add_FR                                 0x080008ac   Section        0  main.o(i.Add_FR)
    i.BusFault_Handler                       0x08000cc8   Section        0  stm32f10x_it.o(i.BusFault_Handler)
    i.Button4_4_Init                         0x08000ccc   Section        0  button4_4.o(i.Button4_4_Init)
    i.Button4_4_Scan                         0x08000d0c   Section        0  button4_4.o(i.Button4_4_Scan)
    i.Buzzer_Init                            0x08000e9c   Section        0  lock.o(i.Buzzer_Init)
    i.DebugMon_Handler                       0x08000ed8   Section        0  stm32f10x_it.o(i.DebugMon_Handler)
    i.Delay_init                             0x08000edc   Section        0  delay.o(i.Delay_init)
    i.Delay_ms                               0x08000f20   Section        0  delay.o(i.Delay_ms)
    i.Delay_us                               0x08000f6c   Section        0  delay.o(i.Delay_us)
    i.EnsureMessage                          0x08000fb8   Section        0  as608.o(i.EnsureMessage)
    i.GPIO_Init                              0x08001218   Section        0  stm32f10x_gpio.o(i.GPIO_Init)
    i.GPIO_ResetBits                         0x0800132e   Section        0  stm32f10x_gpio.o(i.GPIO_ResetBits)
    i.GPIO_SetBits                           0x08001332   Section        0  stm32f10x_gpio.o(i.GPIO_SetBits)
    i.GPIO_Write                             0x08001336   Section        0  stm32f10x_gpio.o(i.GPIO_Write)
    i.GPIO_WriteBit                          0x0800133a   Section        0  stm32f10x_gpio.o(i.GPIO_WriteBit)
    i.HardFault_Handler                      0x08001344   Section        0  stm32f10x_it.o(i.HardFault_Handler)
    i.JudgeStr                               0x08001348   Section        0  as608.o(i.JudgeStr)
    JudgeStr                                 0x08001349   Thumb Code   122  as608.o(i.JudgeStr)
    i.MYUSART_SendData                       0x080013d0   Section        0  as608.o(i.MYUSART_SendData)
    MYUSART_SendData                         0x080013d1   Thumb Code    22  as608.o(i.MYUSART_SendData)
    i.MemManage_Handler                      0x080013ec   Section        0  stm32f10x_it.o(i.MemManage_Handler)
    i.NMI_Handler                            0x080013f0   Section        0  stm32f10x_it.o(i.NMI_Handler)
    i.NVIC_Init                              0x080013f4   Section        0  misc.o(i.NVIC_Init)
    i.NVIC_PriorityGroupConfig               0x08001464   Section        0  misc.o(i.NVIC_PriorityGroupConfig)
    i.OLED_Clear                             0x08001478   Section        0  oled.o(i.OLED_Clear)
    i.OLED_I2C_Init                          0x080014a4   Section        0  oled.o(i.OLED_I2C_Init)
    i.OLED_I2C_SendByte                      0x080014f4   Section        0  oled.o(i.OLED_I2C_SendByte)
    i.OLED_I2C_Start                         0x08001548   Section        0  oled.o(i.OLED_I2C_Start)
    i.OLED_I2C_Stop                          0x0800157c   Section        0  oled.o(i.OLED_I2C_Stop)
    i.OLED_Init                              0x080015a4   Section        0  oled.o(i.OLED_Init)
    i.OLED_Pow                               0x08001652   Section        0  oled.o(i.OLED_Pow)
    i.OLED_SetCursor                         0x08001666   Section        0  oled.o(i.OLED_SetCursor)
    i.OLED_ShowChar                          0x08001688   Section        0  oled.o(i.OLED_ShowChar)
    i.OLED_ShowChinese                       0x080016fc   Section        0  oled.o(i.OLED_ShowChinese)
    i.OLED_ShowNum                           0x08001760   Section        0  oled.o(i.OLED_ShowNum)
    i.OLED_ShowString                        0x080017a4   Section        0  oled.o(i.OLED_ShowString)
    i.OLED_WriteCommand                      0x080017cc   Section        0  oled.o(i.OLED_WriteCommand)
    i.OLED_WriteData                         0x080017ec   Section        0  oled.o(i.OLED_WriteData)
    i.PS_GenChar                             0x0800180c   Section        0  as608.o(i.PS_GenChar)
    i.PS_GetImage                            0x08001852   Section        0  as608.o(i.PS_GetImage)
    i.PS_HandShake                           0x0800188c   Section        0  as608.o(i.PS_HandShake)
    i.PS_HighSpeedSearch                     0x0800190c   Section        0  as608.o(i.PS_HighSpeedSearch)
    i.PS_Match                               0x0800199c   Section        0  as608.o(i.PS_Match)
    i.PS_ReadSysPara                         0x080019d8   Section        0  as608.o(i.PS_ReadSysPara)
    i.PS_RegModel                            0x08001ac8   Section        0  as608.o(i.PS_RegModel)
    i.PS_StaGPIO_Init                        0x08001b04   Section        0  as608.o(i.PS_StaGPIO_Init)
    i.PS_StoreChar                           0x08001b30   Section        0  as608.o(i.PS_StoreChar)
    i.PS_ValidTempleteNum                    0x08001b90   Section        0  as608.o(i.PS_ValidTempleteNum)
    i.PendSV_Handler                         0x08001c18   Section        0  stm32f10x_it.o(i.PendSV_Handler)
    i.RCC_APB1PeriphClockCmd                 0x08001c1c   Section        0  stm32f10x_rcc.o(i.RCC_APB1PeriphClockCmd)
    i.RCC_APB1PeriphResetCmd                 0x08001c3c   Section        0  stm32f10x_rcc.o(i.RCC_APB1PeriphResetCmd)
    i.RCC_APB2PeriphClockCmd                 0x08001c5c   Section        0  stm32f10x_rcc.o(i.RCC_APB2PeriphClockCmd)
    i.RCC_APB2PeriphResetCmd                 0x08001c7c   Section        0  stm32f10x_rcc.o(i.RCC_APB2PeriphResetCmd)
    i.RCC_GetClocksFreq                      0x08001c9c   Section        0  stm32f10x_rcc.o(i.RCC_GetClocksFreq)
    i.SVC_Handler                            0x08001d70   Section        0  stm32f10x_it.o(i.SVC_Handler)
    i.SendAddr                               0x08001d74   Section        0  as608.o(i.SendAddr)
    SendAddr                                 0x08001d75   Thumb Code    46  as608.o(i.SendAddr)
    i.SendCheck                              0x08001da8   Section        0  as608.o(i.SendCheck)
    SendCheck                                0x08001da9   Thumb Code    18  as608.o(i.SendCheck)
    i.SendFlag                               0x08001dba   Section        0  as608.o(i.SendFlag)
    SendFlag                                 0x08001dbb   Thumb Code    12  as608.o(i.SendFlag)
    i.SendHead                               0x08001dc6   Section        0  as608.o(i.SendHead)
    SendHead                                 0x08001dc7   Thumb Code    16  as608.o(i.SendHead)
    i.SendLength                             0x08001dd6   Section        0  as608.o(i.SendLength)
    SendLength                               0x08001dd7   Thumb Code    20  as608.o(i.SendLength)
    i.Sendcmd                                0x08001dea   Section        0  as608.o(i.Sendcmd)
    Sendcmd                                  0x08001deb   Thumb Code    12  as608.o(i.Sendcmd)
    i.Servo_Init                             0x08001df8   Section        0  lock.o(i.Servo_Init)
    i.Servo_Write                            0x08001e24   Section        0  lock.o(i.Servo_Write)
    i.SetSysClock                            0x08001e54   Section        0  system_stm32f10x.o(i.SetSysClock)
    SetSysClock                              0x08001e55   Thumb Code     8  system_stm32f10x.o(i.SetSysClock)
    i.SetSysClockTo72                        0x08001e5c   Section        0  system_stm32f10x.o(i.SetSysClockTo72)
    SetSysClockTo72                          0x08001e5d   Thumb Code   214  system_stm32f10x.o(i.SetSysClockTo72)
    i.Set_password                           0x08001f3c   Section        0  main.o(i.Set_password)
    i.SysTick_CLKSourceConfig                0x080020dc   Section        0  misc.o(i.SysTick_CLKSourceConfig)
    i.SysTick_Handler                        0x08002104   Section        0  stm32f10x_it.o(i.SysTick_Handler)
    i.SystemInit                             0x08002108   Section        0  system_stm32f10x.o(i.SystemInit)
    i.TIM3_IRQHandler                        0x08002168   Section        0  timer.o(i.TIM3_IRQHandler)
    i.TIM3_Int_Init                          0x0800219c   Section        0  timer.o(i.TIM3_Int_Init)
    i.TIM_ClearITPendingBit                  0x080021fc   Section        0  stm32f10x_tim.o(i.TIM_ClearITPendingBit)
    i.TIM_Cmd                                0x08002202   Section        0  stm32f10x_tim.o(i.TIM_Cmd)
    i.TIM_GetITStatus                        0x0800221a   Section        0  stm32f10x_tim.o(i.TIM_GetITStatus)
    i.TIM_ITConfig                           0x0800223c   Section        0  stm32f10x_tim.o(i.TIM_ITConfig)
    i.TIM_SetCounter                         0x0800224e   Section        0  stm32f10x_tim.o(i.TIM_SetCounter)
    i.TIM_TimeBaseInit                       0x08002254   Section        0  stm32f10x_tim.o(i.TIM_TimeBaseInit)
    i.USART1_IRQHandler                      0x080022f8   Section        0  usart.o(i.USART1_IRQHandler)
    i.USART2_IRQHandler                      0x08002380   Section        0  usart2.o(i.USART2_IRQHandler)
    i.USART_Cmd                              0x080023f0   Section        0  stm32f10x_usart.o(i.USART_Cmd)
    i.USART_DeInit                           0x08002408   Section        0  stm32f10x_usart.o(i.USART_DeInit)
    i.USART_GetITStatus                      0x080024a4   Section        0  stm32f10x_usart.o(i.USART_GetITStatus)
    i.USART_ITConfig                         0x080024f8   Section        0  stm32f10x_usart.o(i.USART_ITConfig)
    i.USART_Init                             0x08002544   Section        0  stm32f10x_usart.o(i.USART_Init)
    i.USART_ReceiveData                      0x0800261c   Section        0  stm32f10x_usart.o(i.USART_ReceiveData)
    i.UsageFault_Handler                     0x08002626   Section        0  stm32f10x_it.o(i.UsageFault_Handler)
    i._is_digit                              0x0800262a   Section        0  __printf_wp.o(i._is_digit)
    i._sys_exit                              0x08002638   Section        0  usart.o(i._sys_exit)
    i.buzz_no                                0x0800263c   Section        0  lock.o(i.buzz_no)
    i.buzz_ok                                0x08002660   Section        0  lock.o(i.buzz_ok)
    i.fputc                                  0x080026a4   Section        0  usart.o(i.fputc)
    i.lock_off                               0x080026c0   Section        0  lock.o(i.lock_off)
    i.lock_on                                0x080026d6   Section        0  lock.o(i.lock_on)
    i.main                                   0x080026ec   Section        0  main.o(i.main)
    i.password                               0x08002900   Section        0  main.o(i.password)
    i.press_FR                               0x08002b9c   Section        0  main.o(i.press_FR)
    i.starting                               0x08002d24   Section        0  main.o(i.starting)
    i.uart_init                              0x08002e78   Section        0  usart.o(i.uart_init)
    i.usart2_init                            0x08002f18   Section        0  usart2.o(i.usart2_init)
    .constdata                               0x08002fe4   Section     1520  oled.o(.constdata)
    .constdata                               0x080035d4   Section       40  _printf_hex_int_ll_ptr.o(.constdata)
    uc_hextab                                0x080035d4   Data          20  _printf_hex_int_ll_ptr.o(.constdata)
    lc_hextab                                0x080035e8   Data          20  _printf_hex_int_ll_ptr.o(.constdata)
    .constdata                               0x080035fc   Section       17  __printf_flags_ss_wp.o(.constdata)
    maptable                                 0x080035fc   Data          17  __printf_flags_ss_wp.o(.constdata)
    .data                                    0x20000000   Section       20  system_stm32f10x.o(.data)
    .data                                    0x20000014   Section       20  stm32f10x_rcc.o(.data)
    APBAHBPrescTable                         0x20000014   Data          16  stm32f10x_rcc.o(.data)
    ADCPrescTable                            0x20000024   Data           4  stm32f10x_rcc.o(.data)
    .data                                    0x20000028   Section        4  delay.o(.data)
    fac_us                                   0x20000028   Data           1  delay.o(.data)
    fac_ms                                   0x2000002a   Data           2  delay.o(.data)
    .data                                    0x2000002c   Section     4480  oled.o(.data)
    .data                                    0x200011ac   Section        4  as608.o(.data)
    .data                                    0x200011b0   Section        2  usart2.o(.data)
    .data                                    0x200011b4   Section        8  usart.o(.data)
    ErrCnt                                   0x200011ba   Data           2  usart.o(.data)
    .data                                    0x200011bc   Section       12  main.o(.data)
    .bss                                     0x200011c8   Section      800  usart2.o(.bss)
    .bss                                     0x200014e8   Section      200  usart.o(.bss)
    .bss                                     0x200015b0   Section       12  main.o(.bss)
    .bss                                     0x200015bc   Section       96  libspace.o(.bss)
    HEAP                                     0x20001620   Section      512  startup_stm32f10x_md.o(HEAP)
    Heap_Mem                                 0x20001620   Data         512  startup_stm32f10x_md.o(HEAP)
    STACK                                    0x20001820   Section     1024  startup_stm32f10x_md.o(STACK)
    Stack_Mem                                0x20001820   Data        1024  startup_stm32f10x_md.o(STACK)
    __initial_sp                             0x20001c20   Data           0  startup_stm32f10x_md.o(STACK)

    Global Symbols

    Symbol Name                              Value     Ov Type        Size  Object(Section)

    BuildAttributes$$THM_ISAv4$P$D$K$B$S$PE$A:L22UL41UL21$X:L11$S22US41US21$IEEE1$IW$USESV6$~STKCKD$USESV7$~SHL$OTIME$ROPI$IEEEJ$EBA8$UX$STANDARDLIB$REQ8$PRES8$EABIv2 0x00000000   Number         0  anon$$obj.o ABSOLUTE
    __ARM_use_no_argv                        0x00000000   Number         0  main.o ABSOLUTE
    _printf_flags                            0x00000000   Number         0  printf_stubs.o ABSOLUTE
    _printf_return_value                     0x00000000   Number         0  printf_stubs.o ABSOLUTE
    _printf_sizespec                         0x00000000   Number         0  printf_stubs.o ABSOLUTE
    _printf_widthprec                        0x00000000   Number         0  printf_stubs.o ABSOLUTE
    __ARM_exceptions_init                     - Undefined Weak Reference
    __alloca_initialize                       - Undefined Weak Reference
    __arm_preinit_                            - Undefined Weak Reference
    __cpp_initialize__aeabi_                  - Undefined Weak Reference
    __cxa_finalize                            - Undefined Weak Reference
    __sigvec_lookup                           - Undefined Weak Reference
    _atexit_init                              - Undefined Weak Reference
    _call_atexit_fns                          - Undefined Weak Reference
    _clock_init                               - Undefined Weak Reference
    _fp_trap_init                             - Undefined Weak Reference
    _fp_trap_shutdown                         - Undefined Weak Reference
    _get_lc_collate                           - Undefined Weak Reference
    _get_lc_monetary                          - Undefined Weak Reference
    _get_lc_time                              - Undefined Weak Reference
    _getenv_init                              - Undefined Weak Reference
    _handle_redirection                       - Undefined Weak Reference
    _init_alloc                               - Undefined Weak Reference
    _init_user_alloc                          - Undefined Weak Reference
    _initio                                   - Undefined Weak Reference
    _mutex_acquire                            - Undefined Weak Reference
    _mutex_release                            - Undefined Weak Reference
    _printf_mbtowc                            - Undefined Weak Reference
    _printf_wc                                - Undefined Weak Reference
    _rand_init                                - Undefined Weak Reference
    _signal_finish                            - Undefined Weak Reference
    _signal_init                              - Undefined Weak Reference
    _terminate_alloc                          - Undefined Weak Reference
    _terminate_user_alloc                     - Undefined Weak Reference
    _terminateio                              - Undefined Weak Reference
    __Vectors_Size                           0x000000ec   Number         0  startup_stm32f10x_md.o ABSOLUTE
    __Vectors                                0x08000000   Data           4  startup_stm32f10x_md.o(RESET)
    __Vectors_End                            0x080000ec   Data           0  startup_stm32f10x_md.o(RESET)
    __main                                   0x080000ed   Thumb Code     8  __main.o(!!!main)
    __scatterload                            0x080000f5   Thumb Code     0  __scatter.o(!!!scatter)
    __scatterload_rt2                        0x080000f5   Thumb Code    44  __scatter.o(!!!scatter)
    __scatterload_rt2_thumb_only             0x080000f5   Thumb Code     0  __scatter.o(!!!scatter)
    __scatterload_null                       0x08000103   Thumb Code     0  __scatter.o(!!!scatter)
    __decompress                             0x08000129   Thumb Code   100  __dclz77c.o(!!dclz77c)
    __decompress2                            0x08000129   Thumb Code     0  __dclz77c.o(!!dclz77c)
    __scatterload_zeroinit                   0x0800018d   Thumb Code    28  __scatter_zi.o(!!handler_zi)
    _printf_d                                0x080001a9   Thumb Code     0  _printf_d.o(.ARM.Collect$$_printf_percent$$00000009)
    _printf_percent                          0x080001a9   Thumb Code     0  _printf_percent.o(.ARM.Collect$$_printf_percent$$00000000)
    _printf_x                                0x080001af   Thumb Code     0  _printf_x.o(.ARM.Collect$$_printf_percent$$0000000C)
    _printf_c                                0x080001b5   Thumb Code     0  _printf_c.o(.ARM.Collect$$_printf_percent$$00000013)
    _printf_s                                0x080001bb   Thumb Code     0  _printf_s.o(.ARM.Collect$$_printf_percent$$00000014)
    _printf_percent_end                      0x080001c1   Thumb Code     0  _printf_percent_end.o(.ARM.Collect$$_printf_percent$$00000017)
    __rt_lib_init                            0x080001c5   Thumb Code     0  libinit.o(.ARM.Collect$$libinit$$00000000)
    __rt_lib_init_alloca_1                   0x080001c7   Thumb Code     0  libinit2.o(.ARM.Collect$$libinit$$0000002E)
    __rt_lib_init_argv_1                     0x080001c7   Thumb Code     0  libinit2.o(.ARM.Collect$$libinit$$0000002C)
    __rt_lib_init_atexit_1                   0x080001c7   Thumb Code     0  libinit2.o(.ARM.Collect$$libinit$$0000001B)
    __rt_lib_init_clock_1                    0x080001c7   Thumb Code     0  libinit2.o(.ARM.Collect$$libinit$$00000021)
    __rt_lib_init_cpp_1                      0x080001c7   Thumb Code     0  libinit2.o(.ARM.Collect$$libinit$$00000032)
    __rt_lib_init_exceptions_1               0x080001c7   Thumb Code     0  libinit2.o(.ARM.Collect$$libinit$$00000030)
    __rt_lib_init_fp_1                       0x080001c7   Thumb Code     0  libinit2.o(.ARM.Collect$$libinit$$00000002)
    __rt_lib_init_fp_trap_1                  0x080001c7   Thumb Code     0  libinit2.o(.ARM.Collect$$libinit$$0000001F)
    __rt_lib_init_getenv_1                   0x080001c7   Thumb Code     0  libinit2.o(.ARM.Collect$$libinit$$00000023)
    __rt_lib_init_heap_1                     0x080001c7   Thumb Code     0  libinit2.o(.ARM.Collect$$libinit$$0000000A)
    __rt_lib_init_lc_collate_1               0x080001c7   Thumb Code     0  libinit2.o(.ARM.Collect$$libinit$$00000011)
    __rt_lib_init_lc_ctype_1                 0x080001c7   Thumb Code     0  libinit2.o(.ARM.Collect$$libinit$$00000013)
    __rt_lib_init_lc_monetary_1              0x080001c7   Thumb Code     0  libinit2.o(.ARM.Collect$$libinit$$00000015)
    __rt_lib_init_lc_numeric_1               0x080001c7   Thumb Code     0  libinit2.o(.ARM.Collect$$libinit$$00000017)
    __rt_lib_init_lc_time_1                  0x080001c7   Thumb Code     0  libinit2.o(.ARM.Collect$$libinit$$00000019)
    __rt_lib_init_preinit_1                  0x080001c7   Thumb Code     0  libinit2.o(.ARM.Collect$$libinit$$00000004)
    __rt_lib_init_rand_1                     0x080001c7   Thumb Code     0  libinit2.o(.ARM.Collect$$libinit$$0000000E)
    __rt_lib_init_return                     0x080001c7   Thumb Code     0  libinit2.o(.ARM.Collect$$libinit$$00000033)
    __rt_lib_init_signal_1                   0x080001c7   Thumb Code     0  libinit2.o(.ARM.Collect$$libinit$$0000001D)
    __rt_lib_init_stdio_1                    0x080001c7   Thumb Code     0  libinit2.o(.ARM.Collect$$libinit$$00000025)
    __rt_lib_init_user_alloc_1               0x080001c7   Thumb Code     0  libinit2.o(.ARM.Collect$$libinit$$0000000C)
    __rt_lib_shutdown                        0x080001c9   Thumb Code     0  libshutdown.o(.ARM.Collect$$libshutdown$$00000000)
    __rt_lib_shutdown_cpp_1                  0x080001cb   Thumb Code     0  libshutdown2.o(.ARM.Collect$$libshutdown$$00000002)
    __rt_lib_shutdown_fp_trap_1              0x080001cb   Thumb Code     0  libshutdown2.o(.ARM.Collect$$libshutdown$$00000007)
    __rt_lib_shutdown_heap_1                 0x080001cb   Thumb Code     0  libshutdown2.o(.ARM.Collect$$libshutdown$$0000000F)
    __rt_lib_shutdown_return                 0x080001cb   Thumb Code     0  libshutdown2.o(.ARM.Collect$$libshutdown$$00000010)
    __rt_lib_shutdown_signal_1               0x080001cb   Thumb Code     0  libshutdown2.o(.ARM.Collect$$libshutdown$$0000000A)
    __rt_lib_shutdown_stdio_1                0x080001cb   Thumb Code     0  libshutdown2.o(.ARM.Collect$$libshutdown$$00000004)
    __rt_lib_shutdown_user_alloc_1           0x080001cb   Thumb Code     0  libshutdown2.o(.ARM.Collect$$libshutdown$$0000000C)
    __rt_entry                               0x080001cd   Thumb Code     0  __rtentry.o(.ARM.Collect$$rtentry$$00000000)
    __rt_entry_presh_1                       0x080001cd   Thumb Code     0  __rtentry2.o(.ARM.Collect$$rtentry$$00000002)
    __rt_entry_sh                            0x080001cd   Thumb Code     0  __rtentry4.o(.ARM.Collect$$rtentry$$00000004)
    __rt_entry_li                            0x080001d3   Thumb Code     0  __rtentry2.o(.ARM.Collect$$rtentry$$0000000A)
    __rt_entry_postsh_1                      0x080001d3   Thumb Code     0  __rtentry2.o(.ARM.Collect$$rtentry$$00000009)
    __rt_entry_main                          0x080001d7   Thumb Code     0  __rtentry2.o(.ARM.Collect$$rtentry$$0000000D)
    __rt_entry_postli_1                      0x080001d7   Thumb Code     0  __rtentry2.o(.ARM.Collect$$rtentry$$0000000C)
    __rt_exit                                0x080001df   Thumb Code     0  rtexit.o(.ARM.Collect$$rtexit$$00000000)
    __rt_exit_ls                             0x080001e1   Thumb Code     0  rtexit2.o(.ARM.Collect$$rtexit$$00000003)
    __rt_exit_prels_1                        0x080001e1   Thumb Code     0  rtexit2.o(.ARM.Collect$$rtexit$$00000002)
    __rt_exit_exit                           0x080001e5   Thumb Code     0  rtexit2.o(.ARM.Collect$$rtexit$$00000004)
    Reset_Handler                            0x080001ed   Thumb Code     8  startup_stm32f10x_md.o(.text)
    ADC1_2_IRQHandler                        0x08000207   Thumb Code     0  startup_stm32f10x_md.o(.text)
    CAN1_RX1_IRQHandler                      0x08000207   Thumb Code     0  startup_stm32f10x_md.o(.text)
    CAN1_SCE_IRQHandler                      0x08000207   Thumb Code     0  startup_stm32f10x_md.o(.text)
    DMA1_Channel1_IRQHandler                 0x08000207   Thumb Code     0  startup_stm32f10x_md.o(.text)
    DMA1_Channel2_IRQHandler                 0x08000207   Thumb Code     0  startup_stm32f10x_md.o(.text)
    DMA1_Channel3_IRQHandler                 0x08000207   Thumb Code     0  startup_stm32f10x_md.o(.text)
    DMA1_Channel4_IRQHandler                 0x08000207   Thumb Code     0  startup_stm32f10x_md.o(.text)
    DMA1_Channel5_IRQHandler                 0x08000207   Thumb Code     0  startup_stm32f10x_md.o(.text)
    DMA1_Channel6_IRQHandler                 0x08000207   Thumb Code     0  startup_stm32f10x_md.o(.text)
    DMA1_Channel7_IRQHandler                 0x08000207   Thumb Code     0  startup_stm32f10x_md.o(.text)
    EXTI0_IRQHandler                         0x08000207   Thumb Code     0  startup_stm32f10x_md.o(.text)
    EXTI15_10_IRQHandler                     0x08000207   Thumb Code     0  startup_stm32f10x_md.o(.text)
    EXTI1_IRQHandler                         0x08000207   Thumb Code     0  startup_stm32f10x_md.o(.text)
    EXTI2_IRQHandler                         0x08000207   Thumb Code     0  startup_stm32f10x_md.o(.text)
    EXTI3_IRQHandler                         0x08000207   Thumb Code     0  startup_stm32f10x_md.o(.text)
    EXTI4_IRQHandler                         0x08000207   Thumb Code     0  startup_stm32f10x_md.o(.text)
    EXTI9_5_IRQHandler                       0x08000207   Thumb Code     0  startup_stm32f10x_md.o(.text)
    FLASH_IRQHandler                         0x08000207   Thumb Code     0  startup_stm32f10x_md.o(.text)
    I2C1_ER_IRQHandler                       0x08000207   Thumb Code     0  startup_stm32f10x_md.o(.text)
    I2C1_EV_IRQHandler                       0x08000207   Thumb Code     0  startup_stm32f10x_md.o(.text)
    I2C2_ER_IRQHandler                       0x08000207   Thumb Code     0  startup_stm32f10x_md.o(.text)
    I2C2_EV_IRQHandler                       0x08000207   Thumb Code     0  startup_stm32f10x_md.o(.text)
    PVD_IRQHandler                           0x08000207   Thumb Code     0  startup_stm32f10x_md.o(.text)
    RCC_IRQHandler                           0x08000207   Thumb Code     0  startup_stm32f10x_md.o(.text)
    RTCAlarm_IRQHandler                      0x08000207   Thumb Code     0  startup_stm32f10x_md.o(.text)
    RTC_IRQHandler                           0x08000207   Thumb Code     0  startup_stm32f10x_md.o(.text)
    SPI1_IRQHandler                          0x08000207   Thumb Code     0  startup_stm32f10x_md.o(.text)
    SPI2_IRQHandler                          0x08000207   Thumb Code     0  startup_stm32f10x_md.o(.text)
    TAMPER_IRQHandler                        0x08000207   Thumb Code     0  startup_stm32f10x_md.o(.text)
    TIM1_BRK_IRQHandler                      0x08000207   Thumb Code     0  startup_stm32f10x_md.o(.text)
    TIM1_CC_IRQHandler                       0x08000207   Thumb Code     0  startup_stm32f10x_md.o(.text)
    TIM1_TRG_COM_IRQHandler                  0x08000207   Thumb Code     0  startup_stm32f10x_md.o(.text)
    TIM1_UP_IRQHandler                       0x08000207   Thumb Code     0  startup_stm32f10x_md.o(.text)
    TIM2_IRQHandler                          0x08000207   Thumb Code     0  startup_stm32f10x_md.o(.text)
    TIM4_IRQHandler                          0x08000207   Thumb Code     0  startup_stm32f10x_md.o(.text)
    USART3_IRQHandler                        0x08000207   Thumb Code     0  startup_stm32f10x_md.o(.text)
    USBWakeUp_IRQHandler                     0x08000207   Thumb Code     0  startup_stm32f10x_md.o(.text)
    USB_HP_CAN1_TX_IRQHandler                0x08000207   Thumb Code     0  startup_stm32f10x_md.o(.text)
    USB_LP_CAN1_RX0_IRQHandler               0x08000207   Thumb Code     0  startup_stm32f10x_md.o(.text)
    WWDG_IRQHandler                          0x08000207   Thumb Code     0  startup_stm32f10x_md.o(.text)
    __user_initial_stackheap                 0x08000209   Thumb Code     0  startup_stm32f10x_md.o(.text)
    __use_no_semihosting                     0x0800022d   Thumb Code     2  use_no_semi_2.o(.text)
    __2printf                                0x08000231   Thumb Code    20  __2printf.o(.text)
    __2sprintf                               0x08000249   Thumb Code    38  __2sprintf.o(.text)
    _printf_str                              0x08000275   Thumb Code    82  _printf_str.o(.text)
    _printf_int_dec                          0x080002c9   Thumb Code   104  _printf_dec.o(.text)
    _printf_longlong_hex                     0x08000341   Thumb Code    86  _printf_hex_int_ll_ptr.o(.text)
    _printf_int_hex                          0x08000397   Thumb Code    28  _printf_hex_int_ll_ptr.o(.text)
    _printf_ll_hex                           0x080003b3   Thumb Code    12  _printf_hex_int_ll_ptr.o(.text)
    _printf_hex_ptr                          0x080003bf   Thumb Code    18  _printf_hex_int_ll_ptr.o(.text)
    __printf                                 0x080003d5   Thumb Code   388  __printf_flags_ss_wp.o(.text)
    strstr                                   0x0800055d   Thumb Code    36  strstr.o(.text)
    strlen                                   0x08000581   Thumb Code    62  strlen.o(.text)
    strncmp                                  0x080005bf   Thumb Code   150  strncmp.o(.text)
    __aeabi_memset                           0x08000655   Thumb Code    16  aeabi_memset.o(.text)
    __aeabi_memclr                           0x08000665   Thumb Code     0  rt_memclr.o(.text)
    __rt_memclr                              0x08000665   Thumb Code    68  rt_memclr.o(.text)
    _memset                                  0x08000669   Thumb Code     0  rt_memclr.o(.text)
    __use_two_region_memory                  0x080006a9   Thumb Code     2  heapauxi.o(.text)
    __rt_heap_escrow$2region                 0x080006ab   Thumb Code     2  heapauxi.o(.text)
    __rt_heap_expand$2region                 0x080006ad   Thumb Code     2  heapauxi.o(.text)
    __I$use$semihosting                      0x080006af   Thumb Code     0  use_no_semi.o(.text)
    __use_no_semihosting_swi                 0x080006af   Thumb Code     2  use_no_semi.o(.text)
    _printf_int_common                       0x080006b1   Thumb Code   178  _printf_intcommon.o(.text)
    _printf_char_common                      0x0800076f   Thumb Code    32  _printf_char_common.o(.text)
    _sputc                                   0x08000795   Thumb Code    10  _sputc.o(.text)
    _printf_cs_common                        0x0800079f   Thumb Code    20  _printf_char.o(.text)
    _printf_char                             0x080007b3   Thumb Code    16  _printf_char.o(.text)
    _printf_string                           0x080007c3   Thumb Code     8  _printf_char.o(.text)
    _printf_char_file                        0x080007cd   Thumb Code    32  _printf_char_file.o(.text)
    __aeabi_memclr4                          0x080007f1   Thumb Code     0  rt_memclr_w.o(.text)
    __aeabi_memclr8                          0x080007f1   Thumb Code     0  rt_memclr_w.o(.text)
    __rt_memclr_w                            0x080007f1   Thumb Code    78  rt_memclr_w.o(.text)
    _memset_w                                0x080007f5   Thumb Code     0  rt_memclr_w.o(.text)
    ferror                                   0x0800083f   Thumb Code     8  ferror.o(.text)
    __user_setup_stackheap                   0x08000847   Thumb Code    74  sys_stackheap_outer.o(.text)
    exit                                     0x08000891   Thumb Code    18  exit.o(.text)
    __user_libspace                          0x080008a5   Thumb Code     8  libspace.o(.text)
    __user_perproc_libspace                  0x080008a5   Thumb Code     0  libspace.o(.text)
    __user_perthread_libspace                0x080008a5   Thumb Code     0  libspace.o(.text)
    Add_FR                                   0x080008ad   Thumb Code  1030  main.o(i.Add_FR)
    BusFault_Handler                         0x08000cc9   Thumb Code     4  stm32f10x_it.o(i.BusFault_Handler)
    Button4_4_Init                           0x08000ccd   Thumb Code    60  button4_4.o(i.Button4_4_Init)
    Button4_4_Scan                           0x08000d0d   Thumb Code   396  button4_4.o(i.Button4_4_Scan)
    Buzzer_Init                              0x08000e9d   Thumb Code    56  lock.o(i.Buzzer_Init)
    DebugMon_Handler                         0x08000ed9   Thumb Code     2  stm32f10x_it.o(i.DebugMon_Handler)
    Delay_init                               0x08000edd   Thumb Code    50  delay.o(i.Delay_init)
    Delay_ms                                 0x08000f21   Thumb Code    72  delay.o(i.Delay_ms)
    Delay_us                                 0x08000f6d   Thumb Code    72  delay.o(i.Delay_us)
    EnsureMessage                            0x08000fb9   Thumb Code   140  as608.o(i.EnsureMessage)
    GPIO_Init                                0x08001219   Thumb Code   278  stm32f10x_gpio.o(i.GPIO_Init)
    GPIO_ResetBits                           0x0800132f   Thumb Code     4  stm32f10x_gpio.o(i.GPIO_ResetBits)
    GPIO_SetBits                             0x08001333   Thumb Code     4  stm32f10x_gpio.o(i.GPIO_SetBits)
    GPIO_Write                               0x08001337   Thumb Code     4  stm32f10x_gpio.o(i.GPIO_Write)
    GPIO_WriteBit                            0x0800133b   Thumb Code    10  stm32f10x_gpio.o(i.GPIO_WriteBit)
    HardFault_Handler                        0x08001345   Thumb Code     4  stm32f10x_it.o(i.HardFault_Handler)
    MemManage_Handler                        0x080013ed   Thumb Code     4  stm32f10x_it.o(i.MemManage_Handler)
    NMI_Handler                              0x080013f1   Thumb Code     2  stm32f10x_it.o(i.NMI_Handler)
    NVIC_Init                                0x080013f5   Thumb Code   100  misc.o(i.NVIC_Init)
    NVIC_PriorityGroupConfig                 0x08001465   Thumb Code    10  misc.o(i.NVIC_PriorityGroupConfig)
    OLED_Clear                               0x08001479   Thumb Code    42  oled.o(i.OLED_Clear)
    OLED_I2C_Init                            0x080014a5   Thumb Code    76  oled.o(i.OLED_I2C_Init)
    OLED_I2C_SendByte                        0x080014f5   Thumb Code    80  oled.o(i.OLED_I2C_SendByte)
    OLED_I2C_Start                           0x08001549   Thumb Code    48  oled.o(i.OLED_I2C_Start)
    OLED_I2C_Stop                            0x0800157d   Thumb Code    36  oled.o(i.OLED_I2C_Stop)
    OLED_Init                                0x080015a5   Thumb Code   174  oled.o(i.OLED_Init)
    OLED_Pow                                 0x08001653   Thumb Code    20  oled.o(i.OLED_Pow)
    OLED_SetCursor                           0x08001667   Thumb Code    34  oled.o(i.OLED_SetCursor)
    OLED_ShowChar                            0x08001689   Thumb Code   110  oled.o(i.OLED_ShowChar)
    OLED_ShowChinese                         0x080016fd   Thumb Code    94  oled.o(i.OLED_ShowChinese)
    OLED_ShowNum                             0x08001761   Thumb Code    68  oled.o(i.OLED_ShowNum)
    OLED_ShowString                          0x080017a5   Thumb Code    40  oled.o(i.OLED_ShowString)
    OLED_WriteCommand                        0x080017cd   Thumb Code    32  oled.o(i.OLED_WriteCommand)
    OLED_WriteData                           0x080017ed   Thumb Code    32  oled.o(i.OLED_WriteData)
    PS_GenChar                               0x0800180d   Thumb Code    70  as608.o(i.PS_GenChar)
    PS_GetImage                              0x08001853   Thumb Code    58  as608.o(i.PS_GetImage)
    PS_HandShake                             0x0800188d   Thumb Code   118  as608.o(i.PS_HandShake)
    PS_HighSpeedSearch                       0x0800190d   Thumb Code   144  as608.o(i.PS_HighSpeedSearch)
    PS_Match                                 0x0800199d   Thumb Code    58  as608.o(i.PS_Match)
    PS_ReadSysPara                           0x080019d9   Thumb Code   168  as608.o(i.PS_ReadSysPara)
    PS_RegModel                              0x08001ac9   Thumb Code    58  as608.o(i.PS_RegModel)
    PS_StaGPIO_Init                          0x08001b05   Thumb Code    40  as608.o(i.PS_StaGPIO_Init)
    PS_StoreChar                             0x08001b31   Thumb Code    96  as608.o(i.PS_StoreChar)
    PS_ValidTempleteNum                      0x08001b91   Thumb Code   108  as608.o(i.PS_ValidTempleteNum)
    PendSV_Handler                           0x08001c19   Thumb Code     2  stm32f10x_it.o(i.PendSV_Handler)
    RCC_APB1PeriphClockCmd                   0x08001c1d   Thumb Code    26  stm32f10x_rcc.o(i.RCC_APB1PeriphClockCmd)
    RCC_APB1PeriphResetCmd                   0x08001c3d   Thumb Code    26  stm32f10x_rcc.o(i.RCC_APB1PeriphResetCmd)
    RCC_APB2PeriphClockCmd                   0x08001c5d   Thumb Code    26  stm32f10x_rcc.o(i.RCC_APB2PeriphClockCmd)
    RCC_APB2PeriphResetCmd                   0x08001c7d   Thumb Code    26  stm32f10x_rcc.o(i.RCC_APB2PeriphResetCmd)
    RCC_GetClocksFreq                        0x08001c9d   Thumb Code   192  stm32f10x_rcc.o(i.RCC_GetClocksFreq)
    SVC_Handler                              0x08001d71   Thumb Code     2  stm32f10x_it.o(i.SVC_Handler)
    Servo_Init                               0x08001df9   Thumb Code    38  lock.o(i.Servo_Init)
    Servo_Write                              0x08001e25   Thumb Code    42  lock.o(i.Servo_Write)
    Set_password                             0x08001f3d   Thumb Code   398  main.o(i.Set_password)
    SysTick_CLKSourceConfig                  0x080020dd   Thumb Code    40  misc.o(i.SysTick_CLKSourceConfig)
    SysTick_Handler                          0x08002105   Thumb Code     2  stm32f10x_it.o(i.SysTick_Handler)
    SystemInit                               0x08002109   Thumb Code    78  system_stm32f10x.o(i.SystemInit)
    TIM3_IRQHandler                          0x08002169   Thumb Code    42  timer.o(i.TIM3_IRQHandler)
    TIM3_Int_Init                            0x0800219d   Thumb Code    90  timer.o(i.TIM3_Int_Init)
    TIM_ClearITPendingBit                    0x080021fd   Thumb Code     6  stm32f10x_tim.o(i.TIM_ClearITPendingBit)
    TIM_Cmd                                  0x08002203   Thumb Code    24  stm32f10x_tim.o(i.TIM_Cmd)
    TIM_GetITStatus                          0x0800221b   Thumb Code    34  stm32f10x_tim.o(i.TIM_GetITStatus)
    TIM_ITConfig                             0x0800223d   Thumb Code    18  stm32f10x_tim.o(i.TIM_ITConfig)
    TIM_SetCounter                           0x0800224f   Thumb Code     4  stm32f10x_tim.o(i.TIM_SetCounter)
    TIM_TimeBaseInit                         0x08002255   Thumb Code   122  stm32f10x_tim.o(i.TIM_TimeBaseInit)
    USART1_IRQHandler                        0x080022f9   Thumb Code   122  usart.o(i.USART1_IRQHandler)
    USART2_IRQHandler                        0x08002381   Thumb Code    96  usart2.o(i.USART2_IRQHandler)
    USART_Cmd                                0x080023f1   Thumb Code    24  stm32f10x_usart.o(i.USART_Cmd)
    USART_DeInit                             0x08002409   Thumb Code   134  stm32f10x_usart.o(i.USART_DeInit)
    USART_GetITStatus                        0x080024a5   Thumb Code    84  stm32f10x_usart.o(i.USART_GetITStatus)
    USART_ITConfig                           0x080024f9   Thumb Code    74  stm32f10x_usart.o(i.USART_ITConfig)
    USART_Init                               0x08002545   Thumb Code   210  stm32f10x_usart.o(i.USART_Init)
    USART_ReceiveData                        0x0800261d   Thumb Code    10  stm32f10x_usart.o(i.USART_ReceiveData)
    UsageFault_Handler                       0x08002627   Thumb Code     4  stm32f10x_it.o(i.UsageFault_Handler)
    _is_digit                                0x0800262b   Thumb Code    14  __printf_wp.o(i._is_digit)
    _sys_exit                                0x08002639   Thumb Code     4  usart.o(i._sys_exit)
    buzz_no                                  0x0800263d   Thumb Code    32  lock.o(i.buzz_no)
    buzz_ok                                  0x08002661   Thumb Code    62  lock.o(i.buzz_ok)
    fputc                                    0x080026a5   Thumb Code    24  usart.o(i.fputc)
    lock_off                                 0x080026c1   Thumb Code    22  lock.o(i.lock_off)
    lock_on                                  0x080026d7   Thumb Code    22  lock.o(i.lock_on)
    main                                     0x080026ed   Thumb Code   520  main.o(i.main)
    password                                 0x08002901   Thumb Code   632  main.o(i.password)
    press_FR                                 0x08002b9d   Thumb Code   362  main.o(i.press_FR)
    starting                                 0x08002d25   Thumb Code   316  main.o(i.starting)
    uart_init                                0x08002e79   Thumb Code   152  usart.o(i.uart_init)
    usart2_init                              0x08002f19   Thumb Code   188  usart2.o(i.usart2_init)
    OLED_F8x16                               0x08002fe4   Data        1520  oled.o(.constdata)
    Region$$Table$$Base                      0x08003610   Number         0  anon$$obj.o(Region$$Table)
    Region$$Table$$Limit                     0x08003630   Number         0  anon$$obj.o(Region$$Table)
    SystemCoreClock                          0x20000000   Data           4  system_stm32f10x.o(.data)
    AHBPrescTable                            0x20000004   Data          16  system_stm32f10x.o(.data)
    Hzk                                      0x2000002c   Data        4480  oled.o(.data)
    AS608Addr                                0x200011ac   Data           4  as608.o(.data)
    USART2_RX_STA                            0x200011b0   Data           2  usart2.o(.data)
    __stdout                                 0x200011b4   Data           4  usart.o(.data)
    USART_RX_STA                             0x200011b8   Data           2  usart.o(.data)
    ValidN                                   0x200011bc   Data           2  main.o(.data)
    kbd_tbl                                  0x200011c0   Data           4  main.o(.data)
    passwd1                                  0x200011c4   Data           4  main.o(.data)
    USART2_TX_BUF                            0x200011c8   Data         400  usart2.o(.bss)
    USART2_RX_BUF                            0x20001358   Data         400  usart2.o(.bss)
    USART_RX_BUF                             0x200014e8   Data         200  usart.o(.bss)
    AS608Para                                0x200015b0   Data          12  main.o(.bss)
    __libspace_start                         0x200015bc   Data          96  libspace.o(.bss)
    __temporary_stack_top$libspace           0x2000161c   Data           0  libspace.o(.bss)



==============================================================================

Memory Map of the image

  Image Entry point : 0x080000ed

  Load Region LR_IROM1 (Base: 0x08000000, Size: 0x000047f8, Max: 0x00010000, ABSOLUTE, COMPRESSED[0x00003cfc])

    Execution Region ER_IROM1 (Exec base: 0x08000000, Load base: 0x08000000, Size: 0x00003630, Max: 0x00010000, ABSOLUTE)

    Exec Addr    Load Addr    Size         Type   Attr      Idx    E Section Name        Object

    0x08000000   0x08000000   0x000000ec   Data   RO            3    RESET               startup_stm32f10x_md.o
    0x080000ec   0x080000ec   0x00000008   Code   RO         4123  * !!!main             c_w.l(__main.o)
    0x080000f4   0x080000f4   0x00000034   Code   RO         4400    !!!scatter          c_w.l(__scatter.o)
    0x08000128   0x08000128   0x00000064   Code   RO         4398    !!dclz77c           c_w.l(__dclz77c.o)
    0x0800018c   0x0800018c   0x0000001c   Code   RO         4402    !!handler_zi        c_w.l(__scatter_zi.o)
    0x080001a8   0x080001a8   0x00000000   Code   RO         4108    .ARM.Collect$$_printf_percent$$00000000  c_w.l(_printf_percent.o)
    0x080001a8   0x080001a8   0x00000006   Code   RO         4107    .ARM.Collect$$_printf_percent$$00000009  c_w.l(_printf_d.o)
    0x080001ae   0x080001ae   0x00000006   Code   RO         4106    .ARM.Collect$$_printf_percent$$0000000C  c_w.l(_printf_x.o)
    0x080001b4   0x080001b4   0x00000006   Code   RO         4104    .ARM.Collect$$_printf_percent$$00000013  c_w.l(_printf_c.o)
    0x080001ba   0x080001ba   0x00000006   Code   RO         4105    .ARM.Collect$$_printf_percent$$00000014  c_w.l(_printf_s.o)
    0x080001c0   0x080001c0   0x00000004   Code   RO         4164    .ARM.Collect$$_printf_percent$$00000017  c_w.l(_printf_percent_end.o)
    0x080001c4   0x080001c4   0x00000002   Code   RO         4262    .ARM.Collect$$libinit$$00000000  c_w.l(libinit.o)
    0x080001c6   0x080001c6   0x00000000   Code   RO         4279    .ARM.Collect$$libinit$$00000002  c_w.l(libinit2.o)
    0x080001c6   0x080001c6   0x00000000   Code   RO         4281    .ARM.Collect$$libinit$$00000004  c_w.l(libinit2.o)
    0x080001c6   0x080001c6   0x00000000   Code   RO         4284    .ARM.Collect$$libinit$$0000000A  c_w.l(libinit2.o)
    0x080001c6   0x080001c6   0x00000000   Code   RO         4286    .ARM.Collect$$libinit$$0000000C  c_w.l(libinit2.o)
    0x080001c6   0x080001c6   0x00000000   Code   RO         4288    .ARM.Collect$$libinit$$0000000E  c_w.l(libinit2.o)
    0x080001c6   0x080001c6   0x00000000   Code   RO         4291    .ARM.Collect$$libinit$$00000011  c_w.l(libinit2.o)
    0x080001c6   0x080001c6   0x00000000   Code   RO         4293    .ARM.Collect$$libinit$$00000013  c_w.l(libinit2.o)
    0x080001c6   0x080001c6   0x00000000   Code   RO         4295    .ARM.Collect$$libinit$$00000015  c_w.l(libinit2.o)
    0x080001c6   0x080001c6   0x00000000   Code   RO         4297    .ARM.Collect$$libinit$$00000017  c_w.l(libinit2.o)
    0x080001c6   0x080001c6   0x00000000   Code   RO         4299    .ARM.Collect$$libinit$$00000019  c_w.l(libinit2.o)
    0x080001c6   0x080001c6   0x00000000   Code   RO         4301    .ARM.Collect$$libinit$$0000001B  c_w.l(libinit2.o)
    0x080001c6   0x080001c6   0x00000000   Code   RO         4303    .ARM.Collect$$libinit$$0000001D  c_w.l(libinit2.o)
    0x080001c6   0x080001c6   0x00000000   Code   RO         4305    .ARM.Collect$$libinit$$0000001F  c_w.l(libinit2.o)
    0x080001c6   0x080001c6   0x00000000   Code   RO         4307    .ARM.Collect$$libinit$$00000021  c_w.l(libinit2.o)
    0x080001c6   0x080001c6   0x00000000   Code   RO         4309    .ARM.Collect$$libinit$$00000023  c_w.l(libinit2.o)
    0x080001c6   0x080001c6   0x00000000   Code   RO         4311    .ARM.Collect$$libinit$$00000025  c_w.l(libinit2.o)
    0x080001c6   0x080001c6   0x00000000   Code   RO         4315    .ARM.Collect$$libinit$$0000002C  c_w.l(libinit2.o)
    0x080001c6   0x080001c6   0x00000000   Code   RO         4317    .ARM.Collect$$libinit$$0000002E  c_w.l(libinit2.o)
    0x080001c6   0x080001c6   0x00000000   Code   RO         4319    .ARM.Collect$$libinit$$00000030  c_w.l(libinit2.o)
    0x080001c6   0x080001c6   0x00000000   Code   RO         4321    .ARM.Collect$$libinit$$00000032  c_w.l(libinit2.o)
    0x080001c6   0x080001c6   0x00000002   Code   RO         4322    .ARM.Collect$$libinit$$00000033  c_w.l(libinit2.o)
    0x080001c8   0x080001c8   0x00000002   Code   RO         4340    .ARM.Collect$$libshutdown$$00000000  c_w.l(libshutdown.o)
    0x080001ca   0x080001ca   0x00000000   Code   RO         4350    .ARM.Collect$$libshutdown$$00000002  c_w.l(libshutdown2.o)
    0x080001ca   0x080001ca   0x00000000   Code   RO         4352    .ARM.Collect$$libshutdown$$00000004  c_w.l(libshutdown2.o)
    0x080001ca   0x080001ca   0x00000000   Code   RO         4355    .ARM.Collect$$libshutdown$$00000007  c_w.l(libshutdown2.o)
    0x080001ca   0x080001ca   0x00000000   Code   RO         4358    .ARM.Collect$$libshutdown$$0000000A  c_w.l(libshutdown2.o)
    0x080001ca   0x080001ca   0x00000000   Code   RO         4360    .ARM.Collect$$libshutdown$$0000000C  c_w.l(libshutdown2.o)
    0x080001ca   0x080001ca   0x00000000   Code   RO         4363    .ARM.Collect$$libshutdown$$0000000F  c_w.l(libshutdown2.o)
    0x080001ca   0x080001ca   0x00000002   Code   RO         4364    .ARM.Collect$$libshutdown$$00000010  c_w.l(libshutdown2.o)
    0x080001cc   0x080001cc   0x00000000   Code   RO         4127    .ARM.Collect$$rtentry$$00000000  c_w.l(__rtentry.o)
    0x080001cc   0x080001cc   0x00000000   Code   RO         4185    .ARM.Collect$$rtentry$$00000002  c_w.l(__rtentry2.o)
    0x080001cc   0x080001cc   0x00000006   Code   RO         4197    .ARM.Collect$$rtentry$$00000004  c_w.l(__rtentry4.o)
    0x080001d2   0x080001d2   0x00000000   Code   RO         4187    .ARM.Collect$$rtentry$$00000009  c_w.l(__rtentry2.o)
    0x080001d2   0x080001d2   0x00000004   Code   RO         4188    .ARM.Collect$$rtentry$$0000000A  c_w.l(__rtentry2.o)
    0x080001d6   0x080001d6   0x00000000   Code   RO         4190    .ARM.Collect$$rtentry$$0000000C  c_w.l(__rtentry2.o)
    0x080001d6   0x080001d6   0x00000008   Code   RO         4191    .ARM.Collect$$rtentry$$0000000D  c_w.l(__rtentry2.o)
    0x080001de   0x080001de   0x00000002   Code   RO         4271    .ARM.Collect$$rtexit$$00000000  c_w.l(rtexit.o)
    0x080001e0   0x080001e0   0x00000000   Code   RO         4324    .ARM.Collect$$rtexit$$00000002  c_w.l(rtexit2.o)
    0x080001e0   0x080001e0   0x00000004   Code   RO         4325    .ARM.Collect$$rtexit$$00000003  c_w.l(rtexit2.o)
    0x080001e4   0x080001e4   0x00000006   Code   RO         4326    .ARM.Collect$$rtexit$$00000004  c_w.l(rtexit2.o)
    0x080001ea   0x080001ea   0x00000002   PAD
    0x080001ec   0x080001ec   0x00000040   Code   RO            4    .text               startup_stm32f10x_md.o
    0x0800022c   0x0800022c   0x00000002   Code   RO         4045    .text               c_w.l(use_no_semi_2.o)
    0x0800022e   0x0800022e   0x00000002   PAD
    0x08000230   0x08000230   0x00000018   Code   RO         4049    .text               c_w.l(__2printf.o)
    0x08000248   0x08000248   0x0000002c   Code   RO         4051    .text               c_w.l(__2sprintf.o)
    0x08000274   0x08000274   0x00000052   Code   RO         4059    .text               c_w.l(_printf_str.o)
    0x080002c6   0x080002c6   0x00000002   PAD
    0x080002c8   0x080002c8   0x00000078   Code   RO         4061    .text               c_w.l(_printf_dec.o)
    0x08000340   0x08000340   0x00000094   Code   RO         4081    .text               c_w.l(_printf_hex_int_ll_ptr.o)
    0x080003d4   0x080003d4   0x00000188   Code   RO         4101    .text               c_w.l(__printf_flags_ss_wp.o)
    0x0800055c   0x0800055c   0x00000024   Code   RO         4109    .text               c_w.l(strstr.o)
    0x08000580   0x08000580   0x0000003e   Code   RO         4113    .text               c_w.l(strlen.o)
    0x080005be   0x080005be   0x00000096   Code   RO         4115    .text               c_w.l(strncmp.o)
    0x08000654   0x08000654   0x00000010   Code   RO         4117    .text               c_w.l(aeabi_memset.o)
    0x08000664   0x08000664   0x00000044   Code   RO         4119    .text               c_w.l(rt_memclr.o)
    0x080006a8   0x080006a8   0x00000006   Code   RO         4121    .text               c_w.l(heapauxi.o)
    0x080006ae   0x080006ae   0x00000002   Code   RO         4125    .text               c_w.l(use_no_semi.o)
    0x080006b0   0x080006b0   0x000000b2   Code   RO         4132    .text               c_w.l(_printf_intcommon.o)
    0x08000762   0x08000762   0x00000002   PAD
    0x08000764   0x08000764   0x00000030   Code   RO         4136    .text               c_w.l(_printf_char_common.o)
    0x08000794   0x08000794   0x0000000a   Code   RO         4138    .text               c_w.l(_sputc.o)
    0x0800079e   0x0800079e   0x0000002c   Code   RO         4140    .text               c_w.l(_printf_char.o)
    0x080007ca   0x080007ca   0x00000002   PAD
    0x080007cc   0x080007cc   0x00000024   Code   RO         4142    .text               c_w.l(_printf_char_file.o)
    0x080007f0   0x080007f0   0x0000004e   Code   RO         4174    .text               c_w.l(rt_memclr_w.o)
    0x0800083e   0x0800083e   0x00000008   Code   RO         4210    .text               c_w.l(ferror.o)
    0x08000846   0x08000846   0x0000004a   Code   RO         4216    .text               c_w.l(sys_stackheap_outer.o)
    0x08000890   0x08000890   0x00000012   Code   RO         4255    .text               c_w.l(exit.o)
    0x080008a2   0x080008a2   0x00000002   PAD
    0x080008a4   0x080008a4   0x00000008   Code   RO         4268    .text               c_w.l(libspace.o)
    0x080008ac   0x080008ac   0x0000041c   Code   RO         3906    i.Add_FR            main.o
    0x08000cc8   0x08000cc8   0x00000004   Code   RO         3980    i.BusFault_Handler  stm32f10x_it.o
    0x08000ccc   0x08000ccc   0x00000040   Code   RO         3228    i.Button4_4_Init    button4_4.o
    0x08000d0c   0x08000d0c   0x00000190   Code   RO         3229    i.Button4_4_Scan    button4_4.o
    0x08000e9c   0x08000e9c   0x0000003c   Code   RO         3732    i.Buzzer_Init       lock.o
    0x08000ed8   0x08000ed8   0x00000002   Code   RO         3981    i.DebugMon_Handler  stm32f10x_it.o
    0x08000eda   0x08000eda   0x00000002   PAD
    0x08000edc   0x08000edc   0x00000044   Code   RO         3196    i.Delay_init        delay.o
    0x08000f20   0x08000f20   0x0000004c   Code   RO         3197    i.Delay_ms          delay.o
    0x08000f6c   0x08000f6c   0x0000004c   Code   RO         3198    i.Delay_us          delay.o
    0x08000fb8   0x08000fb8   0x00000260   Code   RO         3398    i.EnsureMessage     as608.o
    0x08001218   0x08001218   0x00000116   Code   RO         1347    i.GPIO_Init         stm32f10x_gpio.o
    0x0800132e   0x0800132e   0x00000004   Code   RO         1354    i.GPIO_ResetBits    stm32f10x_gpio.o
    0x08001332   0x08001332   0x00000004   Code   RO         1355    i.GPIO_SetBits      stm32f10x_gpio.o
    0x08001336   0x08001336   0x00000004   Code   RO         1357    i.GPIO_Write        stm32f10x_gpio.o
    0x0800133a   0x0800133a   0x0000000a   Code   RO         1358    i.GPIO_WriteBit     stm32f10x_gpio.o
    0x08001344   0x08001344   0x00000004   Code   RO         3982    i.HardFault_Handler  stm32f10x_it.o
    0x08001348   0x08001348   0x00000088   Code   RO         3399    i.JudgeStr          as608.o
    0x080013d0   0x080013d0   0x0000001c   Code   RO         3400    i.MYUSART_SendData  as608.o
    0x080013ec   0x080013ec   0x00000004   Code   RO         3983    i.MemManage_Handler  stm32f10x_it.o
    0x080013f0   0x080013f0   0x00000002   Code   RO         3984    i.NMI_Handler       stm32f10x_it.o
    0x080013f2   0x080013f2   0x00000002   PAD
    0x080013f4   0x080013f4   0x00000070   Code   RO          137    i.NVIC_Init         misc.o
    0x08001464   0x08001464   0x00000014   Code   RO          138    i.NVIC_PriorityGroupConfig  misc.o
    0x08001478   0x08001478   0x0000002a   Code   RO         3255    i.OLED_Clear        oled.o
    0x080014a2   0x080014a2   0x00000002   PAD
    0x080014a4   0x080014a4   0x00000050   Code   RO         3256    i.OLED_I2C_Init     oled.o
    0x080014f4   0x080014f4   0x00000054   Code   RO         3257    i.OLED_I2C_SendByte  oled.o
    0x08001548   0x08001548   0x00000034   Code   RO         3258    i.OLED_I2C_Start    oled.o
    0x0800157c   0x0800157c   0x00000028   Code   RO         3259    i.OLED_I2C_Stop     oled.o
    0x080015a4   0x080015a4   0x000000ae   Code   RO         3260    i.OLED_Init         oled.o
    0x08001652   0x08001652   0x00000014   Code   RO         3261    i.OLED_Pow          oled.o
    0x08001666   0x08001666   0x00000022   Code   RO         3262    i.OLED_SetCursor    oled.o
    0x08001688   0x08001688   0x00000074   Code   RO         3264    i.OLED_ShowChar     oled.o
    0x080016fc   0x080016fc   0x00000064   Code   RO         3265    i.OLED_ShowChinese  oled.o
    0x08001760   0x08001760   0x00000044   Code   RO         3267    i.OLED_ShowNum      oled.o
    0x080017a4   0x080017a4   0x00000028   Code   RO         3269    i.OLED_ShowString   oled.o
    0x080017cc   0x080017cc   0x00000020   Code   RO         3270    i.OLED_WriteCommand  oled.o
    0x080017ec   0x080017ec   0x00000020   Code   RO         3271    i.OLED_WriteData    oled.o
    0x0800180c   0x0800180c   0x00000046   Code   RO         3403    i.PS_GenChar        as608.o
    0x08001852   0x08001852   0x0000003a   Code   RO         3404    i.PS_GetImage       as608.o
    0x0800188c   0x0800188c   0x00000080   Code   RO         3405    i.PS_HandShake      as608.o
    0x0800190c   0x0800190c   0x00000090   Code   RO         3406    i.PS_HighSpeedSearch  as608.o
    0x0800199c   0x0800199c   0x0000003a   Code   RO         3407    i.PS_Match          as608.o
    0x080019d6   0x080019d6   0x00000002   PAD
    0x080019d8   0x080019d8   0x000000f0   Code   RO         3409    i.PS_ReadSysPara    as608.o
    0x08001ac8   0x08001ac8   0x0000003a   Code   RO         3410    i.PS_RegModel       as608.o
    0x08001b02   0x08001b02   0x00000002   PAD
    0x08001b04   0x08001b04   0x0000002c   Code   RO         3413    i.PS_StaGPIO_Init   as608.o
    0x08001b30   0x08001b30   0x00000060   Code   RO         3414    i.PS_StoreChar      as608.o
    0x08001b90   0x08001b90   0x00000088   Code   RO         3415    i.PS_ValidTempleteNum  as608.o
    0x08001c18   0x08001c18   0x00000002   Code   RO         3985    i.PendSV_Handler    stm32f10x_it.o
    0x08001c1a   0x08001c1a   0x00000002   PAD
    0x08001c1c   0x08001c1c   0x00000020   Code   RO         1775    i.RCC_APB1PeriphClockCmd  stm32f10x_rcc.o
    0x08001c3c   0x08001c3c   0x00000020   Code   RO         1776    i.RCC_APB1PeriphResetCmd  stm32f10x_rcc.o
    0x08001c5c   0x08001c5c   0x00000020   Code   RO         1777    i.RCC_APB2PeriphClockCmd  stm32f10x_rcc.o
    0x08001c7c   0x08001c7c   0x00000020   Code   RO         1778    i.RCC_APB2PeriphResetCmd  stm32f10x_rcc.o
    0x08001c9c   0x08001c9c   0x000000d4   Code   RO         1785    i.RCC_GetClocksFreq  stm32f10x_rcc.o
    0x08001d70   0x08001d70   0x00000002   Code   RO         3986    i.SVC_Handler       stm32f10x_it.o
    0x08001d72   0x08001d72   0x00000002   PAD
    0x08001d74   0x08001d74   0x00000034   Code   RO         3418    i.SendAddr          as608.o
    0x08001da8   0x08001da8   0x00000012   Code   RO         3419    i.SendCheck         as608.o
    0x08001dba   0x08001dba   0x0000000c   Code   RO         3420    i.SendFlag          as608.o
    0x08001dc6   0x08001dc6   0x00000010   Code   RO         3421    i.SendHead          as608.o
    0x08001dd6   0x08001dd6   0x00000014   Code   RO         3422    i.SendLength        as608.o
    0x08001dea   0x08001dea   0x0000000c   Code   RO         3423    i.Sendcmd           as608.o
    0x08001df6   0x08001df6   0x00000002   PAD
    0x08001df8   0x08001df8   0x0000002c   Code   RO         3733    i.Servo_Init        lock.o
    0x08001e24   0x08001e24   0x00000030   Code   RO         3734    i.Servo_Write       lock.o
    0x08001e54   0x08001e54   0x00000008   Code   RO           24    i.SetSysClock       system_stm32f10x.o
    0x08001e5c   0x08001e5c   0x000000e0   Code   RO           25    i.SetSysClockTo72   system_stm32f10x.o
    0x08001f3c   0x08001f3c   0x000001a0   Code   RO         3907    i.Set_password      main.o
    0x080020dc   0x080020dc   0x00000028   Code   RO          141    i.SysTick_CLKSourceConfig  misc.o
    0x08002104   0x08002104   0x00000002   Code   RO         3987    i.SysTick_Handler   stm32f10x_it.o
    0x08002106   0x08002106   0x00000002   PAD
    0x08002108   0x08002108   0x00000060   Code   RO           27    i.SystemInit        system_stm32f10x.o
    0x08002168   0x08002168   0x00000034   Code   RO         3610    i.TIM3_IRQHandler   timer.o
    0x0800219c   0x0800219c   0x00000060   Code   RO         3611    i.TIM3_Int_Init     timer.o
    0x080021fc   0x080021fc   0x00000006   Code   RO         2416    i.TIM_ClearITPendingBit  stm32f10x_tim.o
    0x08002202   0x08002202   0x00000018   Code   RO         2421    i.TIM_Cmd           stm32f10x_tim.o
    0x0800221a   0x0800221a   0x00000022   Code   RO         2442    i.TIM_GetITStatus   stm32f10x_tim.o
    0x0800223c   0x0800223c   0x00000012   Code   RO         2446    i.TIM_ITConfig      stm32f10x_tim.o
    0x0800224e   0x0800224e   0x00000004   Code   RO         2486    i.TIM_SetCounter    stm32f10x_tim.o
    0x08002252   0x08002252   0x00000002   PAD
    0x08002254   0x08002254   0x000000a4   Code   RO         2492    i.TIM_TimeBaseInit  stm32f10x_tim.o
    0x080022f8   0x080022f8   0x00000088   Code   RO         3629    i.USART1_IRQHandler  usart.o
    0x08002380   0x08002380   0x00000070   Code   RO         3569    i.USART2_IRQHandler  usart2.o
    0x080023f0   0x080023f0   0x00000018   Code   RO         2960    i.USART_Cmd         stm32f10x_usart.o
    0x08002408   0x08002408   0x0000009c   Code   RO         2962    i.USART_DeInit      stm32f10x_usart.o
    0x080024a4   0x080024a4   0x00000054   Code   RO         2964    i.USART_GetITStatus  stm32f10x_usart.o
    0x080024f8   0x080024f8   0x0000004a   Code   RO         2966    i.USART_ITConfig    stm32f10x_usart.o
    0x08002542   0x08002542   0x00000002   PAD
    0x08002544   0x08002544   0x000000d8   Code   RO         2967    i.USART_Init        stm32f10x_usart.o
    0x0800261c   0x0800261c   0x0000000a   Code   RO         2974    i.USART_ReceiveData  stm32f10x_usart.o
    0x08002626   0x08002626   0x00000004   Code   RO         3988    i.UsageFault_Handler  stm32f10x_it.o
    0x0800262a   0x0800262a   0x0000000e   Code   RO         4094    i._is_digit         c_w.l(__printf_wp.o)
    0x08002638   0x08002638   0x00000004   Code   RO         3630    i._sys_exit         usart.o
    0x0800263c   0x0800263c   0x00000024   Code   RO         3735    i.buzz_no           lock.o
    0x08002660   0x08002660   0x00000044   Code   RO         3736    i.buzz_ok           lock.o
    0x080026a4   0x080026a4   0x0000001c   Code   RO         3631    i.fputc             usart.o
    0x080026c0   0x080026c0   0x00000016   Code   RO         3738    i.lock_off          lock.o
    0x080026d6   0x080026d6   0x00000016   Code   RO         3739    i.lock_on           lock.o
    0x080026ec   0x080026ec   0x00000214   Code   RO         3908    i.main              main.o
    0x08002900   0x08002900   0x0000029c   Code   RO         3909    i.password          main.o
    0x08002b9c   0x08002b9c   0x00000188   Code   RO         3910    i.press_FR          main.o
    0x08002d24   0x08002d24   0x00000154   Code   RO         3911    i.starting          main.o
    0x08002e78   0x08002e78   0x000000a0   Code   RO         3632    i.uart_init         usart.o
    0x08002f18   0x08002f18   0x000000cc   Code   RO         3571    i.usart2_init       usart2.o
    0x08002fe4   0x08002fe4   0x000005f0   Data   RO         3272    .constdata          oled.o
    0x080035d4   0x080035d4   0x00000028   Data   RO         4082    .constdata          c_w.l(_printf_hex_int_ll_ptr.o)
    0x080035fc   0x080035fc   0x00000011   Data   RO         4102    .constdata          c_w.l(__printf_flags_ss_wp.o)
    0x0800360d   0x0800360d   0x00000003   PAD
    0x08003610   0x08003610   0x00000020   Data   RO         4396    Region$$Table       anon$$obj.o


    Execution Region RW_IRAM1 (Exec base: 0x20000000, Load base: 0x08003630, Size: 0x00001c20, Max: 0x00005000, ABSOLUTE, COMPRESSED[0x000006cc])

    Exec Addr    Load Addr    Size         Type   Attr      Idx    E Section Name        Object

    0x20000000   COMPRESSED   0x00000014   Data   RW           28    .data               system_stm32f10x.o
    0x20000014   COMPRESSED   0x00000014   Data   RW         1805    .data               stm32f10x_rcc.o
    0x20000028   COMPRESSED   0x00000004   Data   RW         3199    .data               delay.o
    0x2000002c   COMPRESSED   0x00001180   Data   RW         3273    .data               oled.o
    0x200011ac   COMPRESSED   0x00000004   Data   RW         3424    .data               as608.o
    0x200011b0   COMPRESSED   0x00000002   Data   RW         3573    .data               usart2.o
    0x200011b2   COMPRESSED   0x00000002   PAD
    0x200011b4   COMPRESSED   0x00000008   Data   RW         3635    .data               usart.o
    0x200011bc   COMPRESSED   0x0000000c   Data   RW         3914    .data               main.o
    0x200011c8        -       0x00000320   Zero   RW         3572    .bss                usart2.o
    0x200014e8        -       0x000000c8   Zero   RW         3634    .bss                usart.o
    0x200015b0        -       0x0000000c   Zero   RW         3912    .bss                main.o
    0x200015bc        -       0x00000060   Zero   RW         4269    .bss                c_w.l(libspace.o)
    0x2000161c   COMPRESSED   0x00000004   PAD
    0x20001620        -       0x00000200   Zero   RW            2    HEAP                startup_stm32f10x_md.o
    0x20001820        -       0x00000400   Zero   RW            1    STACK               startup_stm32f10x_md.o


==============================================================================

Image component sizes


      Code (inc. data)   RO Data    RW Data    ZI Data      Debug   Object Name

      1934        642          0          4          0      11960   as608.o
       464          8          0          0          0       1290   button4_4.o
         0          0          0          0          0       4508   core_cm3.o
       220         26          0          4          0       1715   delay.o
       300         26          0          0          0       3442   lock.o
      3400        184          0         12         12       7623   main.o
       172         22          0          0          0     205361   misc.o
       914         28       1520       4480          0       8612   oled.o
        64         26        236          0       1536        828   startup_stm32f10x_md.o
         0          0          0          0          0       1680   stm32f10x_adc.o
       300          0          0          0          0      12381   stm32f10x_gpio.o
        26          0          0          0          0       3926   stm32f10x_it.o
       340         44          0         20          0      14208   stm32f10x_rcc.o
       250         42          0          0          0      24307   stm32f10x_tim.o
       564         28          0          0          0      11525   stm32f10x_usart.o
       328         28          0         20          0      45689   system_stm32f10x.o
       148         16          0          0          0       1134   timer.o
       328         26          0          8        200       4875   usart.o
       316         32          0          2        800       2050   usart2.o

    ----------------------------------------------------------------------
     10090       1178       1788       4552       2548     367114   Object Totals
         0          0         32          0          0          0   (incl. Generated)
        22          0          0          2          0          0   (incl. Padding)

    ----------------------------------------------------------------------

      Code (inc. data)   RO Data    RW Data    ZI Data      Debug   Library Member Name

        24          4          0          0          0         84   __2printf.o
        44          6          0          0          0         84   __2sprintf.o
       100          0          0          0          0          0   __dclz77c.o
         8          0          0          0          0         68   __main.o
       392          4         17          0          0         92   __printf_flags_ss_wp.o
        14          0          0          0          0         68   __printf_wp.o
         0          0          0          0          0          0   __rtentry.o
        12          0          0          0          0          0   __rtentry2.o
         6          0          0          0          0          0   __rtentry4.o
        52          8          0          0          0          0   __scatter.o
        28          0          0          0          0          0   __scatter_zi.o
         6          0          0          0          0          0   _printf_c.o
        44          0          0          0          0        108   _printf_char.o
        48          6          0          0          0         96   _printf_char_common.o
        36          4          0          0          0         80   _printf_char_file.o
         6          0          0          0          0          0   _printf_d.o
       120         16          0          0          0         92   _printf_dec.o
       148          4         40          0          0        160   _printf_hex_int_ll_ptr.o
       178          0          0          0          0         88   _printf_intcommon.o
         0          0          0          0          0          0   _printf_percent.o
         4          0          0          0          0          0   _printf_percent_end.o
         6          0          0          0          0          0   _printf_s.o
        82          0          0          0          0         80   _printf_str.o
         6          0          0          0          0          0   _printf_x.o
        10          0          0          0          0         68   _sputc.o
        16          0          0          0          0         68   aeabi_memset.o
        18          0          0          0          0         80   exit.o
         8          0          0          0          0         68   ferror.o
         6          0          0          0          0        152   heapauxi.o
         2          0          0          0          0          0   libinit.o
         2          0          0          0          0          0   libinit2.o
         2          0          0          0          0          0   libshutdown.o
         2          0          0          0          0          0   libshutdown2.o
         8          4          0          0         96         68   libspace.o
        68          0          0          0          0         68   rt_memclr.o
        78          0          0          0          0         80   rt_memclr_w.o
         2          0          0          0          0          0   rtexit.o
        10          0          0          0          0          0   rtexit2.o
        62          0          0          0          0         76   strlen.o
       150          0          0          0          0         80   strncmp.o
        36          0          0          0          0         80   strstr.o
        74          0          0          0          0         80   sys_stackheap_outer.o
         2          0          0          0          0         68   use_no_semi.o
         2          0          0          0          0         68   use_no_semi_2.o

    ----------------------------------------------------------------------
      1934         56         60          0        100       2204   Library Totals
        12          0          3          0          4          0   (incl. Padding)

    ----------------------------------------------------------------------

      Code (inc. data)   RO Data    RW Data    ZI Data      Debug   Library Name

      1922         56         57          0         96       2204   c_w.l

    ----------------------------------------------------------------------
      1934         56         60          0        100       2204   Library Totals

    ----------------------------------------------------------------------

==============================================================================


      Code (inc. data)   RO Data    RW Data    ZI Data      Debug   

     12024       1234       1848       4552       2648     363438   Grand Totals
     12024       1234       1848       1740       2648     363438   ELF Image Totals (compressed)
     12024       1234       1848       1740          0          0   ROM Totals

==============================================================================

    Total RO  Size (Code + RO Data)                13872 (  13.55kB)
    Total RW  Size (RW Data + ZI Data)              7200 (   7.03kB)
    Total ROM Size (Code + RO Data + RW Data)      15612 (  15.25kB)

==============================================================================

